Archive member included to satisfy reference by file (symbol)

d:/ac6/systemworkbench/plugins/fr.ac6.mcu.externaltools.arm-none.win32_1.7.0.201602121829/tools/compiler/bin/../lib/gcc/arm-none-eabi/5.2.1/armv7e-m/fpu\libgcc.a(_lshrdi3.o)
                              Drivers/STM32F3xx_HAL_Driver/Src/stm32f3xx_hal_flash.o (__aeabi_llsr)
d:/ac6/systemworkbench/plugins/fr.ac6.mcu.externaltools.arm-none.win32_1.7.0.201602121829/tools/compiler/bin/../lib/gcc/arm-none-eabi/5.2.1/../../../../arm-none-eabi/lib/armv7e-m/fpu\libc_nano.a(lib_a-exit.o)
                              d:/ac6/systemworkbench/plugins/fr.ac6.mcu.externaltools.arm-none.win32_1.7.0.201602121829/tools/compiler/bin/../lib/gcc/arm-none-eabi/5.2.1/../../../../arm-none-eabi/lib/armv7e-m/fpu/crt0.o (exit)
d:/ac6/systemworkbench/plugins/fr.ac6.mcu.externaltools.arm-none.win32_1.7.0.201602121829/tools/compiler/bin/../lib/gcc/arm-none-eabi/5.2.1/../../../../arm-none-eabi/lib/armv7e-m/fpu\libc_nano.a(lib_a-impure.o)
                              d:/ac6/systemworkbench/plugins/fr.ac6.mcu.externaltools.arm-none.win32_1.7.0.201602121829/tools/compiler/bin/../lib/gcc/arm-none-eabi/5.2.1/../../../../arm-none-eabi/lib/armv7e-m/fpu\libc_nano.a(lib_a-exit.o) (_global_impure_ptr)
d:/ac6/systemworkbench/plugins/fr.ac6.mcu.externaltools.arm-none.win32_1.7.0.201602121829/tools/compiler/bin/../lib/gcc/arm-none-eabi/5.2.1/../../../../arm-none-eabi/lib/armv7e-m/fpu\libc_nano.a(lib_a-init.o)
                              d:/ac6/systemworkbench/plugins/fr.ac6.mcu.externaltools.arm-none.win32_1.7.0.201602121829/tools/compiler/bin/../lib/gcc/arm-none-eabi/5.2.1/../../../../arm-none-eabi/lib/armv7e-m/fpu/crt0.o (__libc_init_array)
d:/ac6/systemworkbench/plugins/fr.ac6.mcu.externaltools.arm-none.win32_1.7.0.201602121829/tools/compiler/bin/../lib/gcc/arm-none-eabi/5.2.1/../../../../arm-none-eabi/lib/armv7e-m/fpu\libc_nano.a(lib_a-memcpy-stub.o)
                              Src/main.o (memcpy)
d:/ac6/systemworkbench/plugins/fr.ac6.mcu.externaltools.arm-none.win32_1.7.0.201602121829/tools/compiler/bin/../lib/gcc/arm-none-eabi/5.2.1/../../../../arm-none-eabi/lib/armv7e-m/fpu\libc_nano.a(lib_a-memset.o)
                              d:/ac6/systemworkbench/plugins/fr.ac6.mcu.externaltools.arm-none.win32_1.7.0.201602121829/tools/compiler/bin/../lib/gcc/arm-none-eabi/5.2.1/../../../../arm-none-eabi/lib/armv7e-m/fpu/crt0.o (memset)
d:/ac6/systemworkbench/plugins/fr.ac6.mcu.externaltools.arm-none.win32_1.7.0.201602121829/tools/compiler/bin/../lib/gcc/arm-none-eabi/5.2.1/../../../../arm-none-eabi/lib/armv7e-m/fpu\libnosys.a(_exit.o)
                              d:/ac6/systemworkbench/plugins/fr.ac6.mcu.externaltools.arm-none.win32_1.7.0.201602121829/tools/compiler/bin/../lib/gcc/arm-none-eabi/5.2.1/../../../../arm-none-eabi/lib/armv7e-m/fpu\libc_nano.a(lib_a-exit.o) (_exit)

Allocating common symbols
Common symbol       size              file

uwTick              0x4               Drivers/STM32F3xx_HAL_Driver/Src/stm32f3xx_hal.o
pFlash              0x20              Drivers/STM32F3xx_HAL_Driver/Src/stm32f3xx_hal_flash.o

Discarded input sections

 .text          0x00000000        0x0 d:/ac6/systemworkbench/plugins/fr.ac6.mcu.externaltools.arm-none.win32_1.7.0.201602121829/tools/compiler/bin/../lib/gcc/arm-none-eabi/5.2.1/armv7e-m/fpu/crti.o
 .data          0x00000000        0x0 d:/ac6/systemworkbench/plugins/fr.ac6.mcu.externaltools.arm-none.win32_1.7.0.201602121829/tools/compiler/bin/../lib/gcc/arm-none-eabi/5.2.1/armv7e-m/fpu/crti.o
 .bss           0x00000000        0x0 d:/ac6/systemworkbench/plugins/fr.ac6.mcu.externaltools.arm-none.win32_1.7.0.201602121829/tools/compiler/bin/../lib/gcc/arm-none-eabi/5.2.1/armv7e-m/fpu/crti.o
 .data          0x00000000        0x4 d:/ac6/systemworkbench/plugins/fr.ac6.mcu.externaltools.arm-none.win32_1.7.0.201602121829/tools/compiler/bin/../lib/gcc/arm-none-eabi/5.2.1/armv7e-m/fpu/crtbegin.o
 .text          0x00000000       0x74 d:/ac6/systemworkbench/plugins/fr.ac6.mcu.externaltools.arm-none.win32_1.7.0.201602121829/tools/compiler/bin/../lib/gcc/arm-none-eabi/5.2.1/../../../../arm-none-eabi/lib/armv7e-m/fpu/crt0.o
 .data          0x00000000        0x0 d:/ac6/systemworkbench/plugins/fr.ac6.mcu.externaltools.arm-none.win32_1.7.0.201602121829/tools/compiler/bin/../lib/gcc/arm-none-eabi/5.2.1/../../../../arm-none-eabi/lib/armv7e-m/fpu/crt0.o
 .bss           0x00000000        0x0 d:/ac6/systemworkbench/plugins/fr.ac6.mcu.externaltools.arm-none.win32_1.7.0.201602121829/tools/compiler/bin/../lib/gcc/arm-none-eabi/5.2.1/../../../../arm-none-eabi/lib/armv7e-m/fpu/crt0.o
 .ARM.extab     0x00000000        0x0 d:/ac6/systemworkbench/plugins/fr.ac6.mcu.externaltools.arm-none.win32_1.7.0.201602121829/tools/compiler/bin/../lib/gcc/arm-none-eabi/5.2.1/../../../../arm-none-eabi/lib/armv7e-m/fpu/crt0.o
[...]
Memory Configuration

Name             Origin             Length             Attributes
RAM              0x20000000         0x0000a000         xrw
CCMRAM           0x10000000         0x00002000         rw
FLASH            0x08000000         0x00040000         xr
*default*        0x00000000         0xffffffff

Linker script and memory map

LOAD d:/ac6/systemworkbench/plugins/fr.ac6.mcu.externaltools.arm-none.win32_1.7.0.201602121829/tools/compiler/bin/../lib/gcc/arm-none-eabi/5.2.1/armv7e-m/fpu/crti.o
LOAD d:/ac6/systemworkbench/plugins/fr.ac6.mcu.externaltools.arm-none.win32_1.7.0.201602121829/tools/compiler/bin/../lib/gcc/arm-none-eabi/5.2.1/armv7e-m/fpu/crtbegin.o
LOAD d:/ac6/systemworkbench/plugins/fr.ac6.mcu.externaltools.arm-none.win32_1.7.0.201602121829/tools/compiler/bin/../lib/gcc/arm-none-eabi/5.2.1/../../../../arm-none-eabi/lib/armv7e-m/fpu/crt0.o
LOAD d:/ac6/systemworkbench/plugins/fr.ac6.mcu.externaltools.arm-none.win32_1.7.0.201602121829/tools/compiler/bin/../lib/gcc/arm-none-eabi/5.2.1/../../../../arm-none-eabi/lib/armv7e-m/fpu\libm.a
LOAD Drivers/CMSIS/Device/ST/STM32F3xx/Source/Templates/gcc/startup_stm32f303xc.o
LOAD Drivers/CMSIS/Device/ST/STM32F3xx/Source/Templates/system_stm32f3xx.o
LOAD Drivers/STM32F3xx_HAL_Driver/Src/stm32f3xx_hal.o
LOAD Drivers/STM32F3xx_HAL_Driver/Src/stm32f3xx_hal_cortex.o
LOAD Drivers/STM32F3xx_HAL_Driver/Src/stm32f3xx_hal_dma.o
LOAD Drivers/STM32F3xx_HAL_Driver/Src/stm32f3xx_hal_flash.o
LOAD Drivers/STM32F3xx_HAL_Driver/Src/stm32f3xx_hal_flash_ex.o
LOAD Drivers/STM32F3xx_HAL_Driver/Src/stm32f3xx_hal_gpio.o
LOAD Drivers/STM32F3xx_HAL_Driver/Src/stm32f3xx_hal_i2c.o
LOAD Drivers/STM32F3xx_HAL_Driver/Src/stm32f3xx_hal_i2c_ex.o
LOAD Drivers/STM32F3xx_HAL_Driver/Src/stm32f3xx_hal_pwr.o
LOAD Drivers/STM32F3xx_HAL_Driver/Src/stm32f3xx_hal_pwr_ex.o
LOAD Drivers/STM32F3xx_HAL_Driver/Src/stm32f3xx_hal_rcc.o
LOAD Drivers/STM32F3xx_HAL_Driver/Src/stm32f3xx_hal_rcc_ex.o
LOAD Drivers/STM32F3xx_HAL_Driver/Src/stm32f3xx_hal_tim.o
LOAD Drivers/STM32F3xx_HAL_Driver/Src/stm32f3xx_hal_tim_ex.o
LOAD Src/main.o
LOAD Src/stm32f3xx_hal_msp.o
LOAD Src/stm32f3xx_it.o
START GROUP
LOAD d:/ac6/systemworkbench/plugins/fr.ac6.mcu.externaltools.arm-none.win32_1.7.0.201602121829/tools/compiler/bin/../lib/gcc/arm-none-eabi/5.2.1/armv7e-m/fpu\libgcc.a
LOAD d:/ac6/systemworkbench/plugins/fr.ac6.mcu.externaltools.arm-none.win32_1.7.0.201602121829/tools/compiler/bin/../lib/gcc/arm-none-eabi/5.2.1/../../../../arm-none-eabi/lib/armv7e-m/fpu\libc_nano.a
END GROUP
START GROUP
LOAD d:/ac6/systemworkbench/plugins/fr.ac6.mcu.externaltools.arm-none.win32_1.7.0.201602121829/tools/compiler/bin/../lib/gcc/arm-none-eabi/5.2.1/armv7e-m/fpu\libgcc.a
LOAD d:/ac6/systemworkbench/plugins/fr.ac6.mcu.externaltools.arm-none.win32_1.7.0.201602121829/tools/compiler/bin/../lib/gcc/arm-none-eabi/5.2.1/../../../../arm-none-eabi/lib/armv7e-m/fpu\libc_nano.a
LOAD d:/ac6/systemworkbench/plugins/fr.ac6.mcu.externaltools.arm-none.win32_1.7.0.201602121829/tools/compiler/bin/../lib/gcc/arm-none-eabi/5.2.1/../../../../arm-none-eabi/lib/armv7e-m/fpu\libnosys.a
END GROUP
START GROUP
LOAD d:/ac6/systemworkbench/plugins/fr.ac6.mcu.externaltools.arm-none.win32_1.7.0.201602121829/tools/compiler/bin/../lib/gcc/arm-none-eabi/5.2.1/armv7e-m/fpu\libgcc.a
LOAD d:/ac6/systemworkbench/plugins/fr.ac6.mcu.externaltools.arm-none.win32_1.7.0.201602121829/tools/compiler/bin/../lib/gcc/arm-none-eabi/5.2.1/../../../../arm-none-eabi/lib/armv7e-m/fpu\libc_nano.a
LOAD d:/ac6/systemworkbench/plugins/fr.ac6.mcu.externaltools.arm-none.win32_1.7.0.201602121829/tools/compiler/bin/../lib/gcc/arm-none-eabi/5.2.1/../../../../arm-none-eabi/lib/armv7e-m/fpu\libnosys.a
END GROUP
LOAD d:/ac6/systemworkbench/plugins/fr.ac6.mcu.externaltools.arm-none.win32_1.7.0.201602121829/tools/compiler/bin/../lib/gcc/arm-none-eabi/5.2.1/armv7e-m/fpu/crtend.o
LOAD d:/ac6/systemworkbench/plugins/fr.ac6.mcu.externaltools.arm-none.win32_1.7.0.201602121829/tools/compiler/bin/../lib/gcc/arm-none-eabi/5.2.1/armv7e-m/fpu/crtn.o
                0x2000a000                _estack = 0x2000a000
                0x00000200                _Min_Heap_Size = 0x200
                0x00000400                _Min_Stack_Size = 0x400

.isr_vector     0x08000000      0x188
                0x08000000                . = ALIGN (0x4)
 *(.isr_vector)
 .isr_vector    0x08000000      0x188 Drivers/CMSIS/Device/ST/STM32F3xx/Source/Templates/gcc/startup_stm32f303xc.o
                0x08000000                g_pfnVectors
                0x08000188                . = ALIGN (0x4)

.text           0x08000188      0xd34
                0x08000188                . = ALIGN (0x4)
 *(.text)
 .text          0x08000188       0xa4 d:/ac6/systemworkbench/plugins/fr.ac6.mcu.externaltools.arm-none.win32_1.7.0.201602121829/tools/compiler/bin/../lib/gcc/arm-none-eabi/5.2.1/armv7e-m/fpu/crtbegin.o
 *(.text*)
 .text.Reset_Handler
                0x0800022c       0x50 Drivers/CMSIS/Device/ST/STM32F3xx/Source/Templates/gcc/startup_stm32f303xc.o
                0x0800022c                Reset_Handler
 .text.Default_Handler
                0x0800027c        0x2 Drivers/CMSIS/Device/ST/STM32F3xx/Source/Templates/gcc/startup_stm32f303xc.o
                0x0800027c                RTC_Alarm_IRQHandler
                0x0800027c                TIM8_TRG_COM_IRQHandler
                0x0800027c                TIM8_CC_IRQHandler
                0x0800027c                TIM1_CC_IRQHandler
                0x0800027c                USB_HP_IRQHandler
                0x0800027c                PVD_IRQHandler
                0x0800027c                TAMP_STAMP_IRQHandler
                0x0800027c                EXTI3_IRQHandler
                0x0800027c                USB_HP_CAN_TX_IRQHandler
                0x0800027c                EXTI0_IRQHandler
                0x0800027c                I2C2_EV_IRQHandler
                0x0800027c                FPU_IRQHandler
                0x0800027c                TIM1_UP_TIM16_IRQHandler
                0x0800027c                ADC1_2_IRQHandler
                0x0800027c                SPI1_IRQHandler
                0x0800027c                CAN_SCE_IRQHandler
                0x0800027c                TIM6_DAC_IRQHandler
                0x0800027c                TIM8_UP_IRQHandler
                0x0800027c                DMA2_Channel2_IRQHandler
                0x0800027c                DMA1_Channel4_IRQHandler
                0x0800027c                USART3_IRQHandler
                0x0800027c                DMA1_Channel7_IRQHandler
                0x0800027c                UART5_IRQHandler
                0x0800027c                ADC3_IRQHandler
                0x0800027c                TIM4_IRQHandler
                0x0800027c                CAN_RX1_IRQHandler
                0x0800027c                DMA2_Channel1_IRQHandler
                0x0800027c                I2C1_EV_IRQHandler
                0x0800027c                DMA1_Channel6_IRQHandler
                0x0800027c                UART4_IRQHandler
                0x0800027c                DMA2_Channel4_IRQHandler
                0x0800027c                TIM3_IRQHandler
                0x0800027c                RCC_IRQHandler
                0x0800027c                DMA1_Channel1_IRQHandler
                0x0800027c                Default_Handler
                0x0800027c                USBWakeUp_RMP_IRQHandler
                0x0800027c                EXTI15_10_IRQHandler
                0x0800027c                TIM7_IRQHandler
                0x0800027c                EXTI9_5_IRQHandler
                0x0800027c                RTC_WKUP_IRQHandler
                0x0800027c                SPI2_IRQHandler
                0x0800027c                USB_LP_CAN_RX0_IRQHandler
                0x0800027c                DMA2_Channel5_IRQHandler
                0x0800027c                DMA1_Channel5_IRQHandler
                0x0800027c                USB_LP_IRQHandler
                0x0800027c                EXTI4_IRQHandler
                0x0800027c                TIM1_TRG_COM_TIM17_IRQHandler
                0x0800027c                DMA1_Channel3_IRQHandler
                0x0800027c                ADC4_IRQHandler
                0x0800027c                WWDG_IRQHandler
                0x0800027c                TIM2_IRQHandler
                0x0800027c                COMP7_IRQHandler
                0x0800027c                COMP1_2_3_IRQHandler
                0x0800027c                EXTI1_IRQHandler
                0x0800027c                USART2_IRQHandler
                0x0800027c                COMP4_5_6_IRQHandler
                0x0800027c                I2C2_ER_IRQHandler
                0x0800027c                DMA1_Channel2_IRQHandler
                0x0800027c                TIM8_BRK_IRQHandler
                0x0800027c                FLASH_IRQHandler
                0x0800027c                USART1_IRQHandler
                0x0800027c                SPI3_IRQHandler
                0x0800027c                I2C1_ER_IRQHandler
                0x0800027c                USBWakeUp_IRQHandler
                0x0800027c                DMA2_Channel3_IRQHandler
                0x0800027c                EXTI2_TSC_IRQHandler
                0x0800027c                TIM1_BRK_TIM15_IRQHandler
 *fill*         0x0800027e        0x2 
 .text.SystemInit
                0x08000280       0x68 Drivers/CMSIS/Device/ST/STM32F3xx/Source/Templates/system_stm32f3xx.o
                0x08000280                SystemInit
 .text.HAL_InitTick
                0x080002e8       0x28 Drivers/STM32F3xx_HAL_Driver/Src/stm32f3xx_hal.o
                0x080002e8                HAL_InitTick
 .text.HAL_Init
                0x08000310       0x24 Drivers/STM32F3xx_HAL_Driver/Src/stm32f3xx_hal.o
                0x08000310                HAL_Init
 .text.HAL_IncTick
                0x08000334       0x10 Drivers/STM32F3xx_HAL_Driver/Src/stm32f3xx_hal.o
                0x08000334                HAL_IncTick
 .text.HAL_GetTick
                0x08000344        0xc Drivers/STM32F3xx_HAL_Driver/Src/stm32f3xx_hal.o
                0x08000344                HAL_GetTick
 .text.HAL_Delay
                0x08000350       0x1a Drivers/STM32F3xx_HAL_Driver/Src/stm32f3xx_hal.o
                0x08000350                HAL_Delay
 *fill*         0x0800036a        0x2 
 .text.HAL_NVIC_SetPriorityGrouping
                0x0800036c       0x24 Drivers/STM32F3xx_HAL_Driver/Src/stm32f3xx_hal_cortex.o
                0x0800036c                HAL_NVIC_SetPriorityGrouping
 .text.HAL_NVIC_SetPriority
                0x08000390       0x68 Drivers/STM32F3xx_HAL_Driver/Src/stm32f3xx_hal_cortex.o
                0x08000390                HAL_NVIC_SetPriority
 .text.HAL_SYSTICK_Config
                0x080003f8       0x2c Drivers/STM32F3xx_HAL_Driver/Src/stm32f3xx_hal_cortex.o
                0x080003f8                HAL_SYSTICK_Config
 .text.HAL_SYSTICK_CLKSourceConfig
                0x08000424       0x18 Drivers/STM32F3xx_HAL_Driver/Src/stm32f3xx_hal_cortex.o
                0x08000424                HAL_SYSTICK_CLKSourceConfig
 .text.HAL_SYSTICK_Callback
                0x0800043c        0x2 Drivers/STM32F3xx_HAL_Driver/Src/stm32f3xx_hal_cortex.o
                0x0800043c                HAL_SYSTICK_Callback
 .text.HAL_SYSTICK_IRQHandler
                0x0800043e        0x8 Drivers/STM32F3xx_HAL_Driver/Src/stm32f3xx_hal_cortex.o
                0x0800043e                HAL_SYSTICK_IRQHandler
 *fill*         0x08000446        0x2 
 .text.HAL_GPIO_Init
                0x08000448      0x194 Drivers/STM32F3xx_HAL_Driver/Src/stm32f3xx_hal_gpio.o
                0x08000448                HAL_GPIO_Init
 .text.HAL_GPIO_WritePin
                0x080005dc        0xa Drivers/STM32F3xx_HAL_Driver/Src/stm32f3xx_hal_gpio.o
                0x080005dc                HAL_GPIO_WritePin
 *fill*         0x080005e6        0x2 
 .text.HAL_RCC_OscConfig
                0x080005e8      0x4cc Drivers/STM32F3xx_HAL_Driver/Src/stm32f3xx_hal_rcc.o
                0x080005e8                HAL_RCC_OscConfig
 .text.HAL_RCC_GetSysClockFreq
                0x08000ab4       0x64 Drivers/STM32F3xx_HAL_Driver/Src/stm32f3xx_hal_rcc.o
                0x08000ab4                HAL_RCC_GetSysClockFreq
 .text.HAL_RCC_ClockConfig
                0x08000b18      0x164 Drivers/STM32F3xx_HAL_Driver/Src/stm32f3xx_hal_rcc.o
                0x08000b18                HAL_RCC_ClockConfig
 .text.HAL_RCC_GetHCLKFreq
                0x08000c7c        0xc Drivers/STM32F3xx_HAL_Driver/Src/stm32f3xx_hal_rcc.o
                0x08000c7c                HAL_RCC_GetHCLKFreq
 .text.SystemClock_Config
                0x08000c88       0x60 Src/main.o
                0x08000c88                SystemClock_Config
 .text.startup.main
                0x08000ce8       0xbc Src/main.o
                0x08000ce8                main
 .text.HAL_MspInit
                0x08000da4       0x7c Src/stm32f3xx_hal_msp.o
                0x08000da4                HAL_MspInit
 .text.NMI_Handler
                0x08000e20        0x2 Src/stm32f3xx_it.o
                0x08000e20                NMI_Handler
 .text.HardFault_Handler
                0x08000e22        0x2 Src/stm32f3xx_it.o
                0x08000e22                HardFault_Handler
 .text.MemManage_Handler
                0x08000e24        0x2 Src/stm32f3xx_it.o
                0x08000e24                MemManage_Handler
 .text.BusFault_Handler
                0x08000e26        0x2 Src/stm32f3xx_it.o
                0x08000e26                BusFault_Handler
 .text.UsageFault_Handler
                0x08000e28        0x2 Src/stm32f3xx_it.o
                0x08000e28                UsageFault_Handler
 .text.SVC_Handler
                0x08000e2a        0x2 Src/stm32f3xx_it.o
                0x08000e2a                SVC_Handler
 .text.DebugMon_Handler
                0x08000e2c        0x2 Src/stm32f3xx_it.o
                0x08000e2c                DebugMon_Handler
 .text.PendSV_Handler
                0x08000e2e        0x2 Src/stm32f3xx_it.o
                0x08000e2e                PendSV_Handler
 .text.SysTick_Handler
                0x08000e30        0xe Src/stm32f3xx_it.o
                0x08000e30                SysTick_Handler
 *fill*         0x08000e3e        0x2 
 .text.__libc_init_array
                0x08000e40       0x4c d:/ac6/systemworkbench/plugins/fr.ac6.mcu.externaltools.arm-none.win32_1.7.0.201602121829/tools/compiler/bin/../lib/gcc/arm-none-eabi/5.2.1/../../../../arm-none-eabi/lib/armv7e-m/fpu\libc_nano.a(lib_a-init.o)
                0x08000e40                __libc_init_array
 .text.memcpy   0x08000e8c       0x16 d:/ac6/systemworkbench/plugins/fr.ac6.mcu.externaltools.arm-none.win32_1.7.0.201602121829/tools/compiler/bin/../lib/gcc/arm-none-eabi/5.2.1/../../../../arm-none-eabi/lib/armv7e-m/fpu\libc_nano.a(lib_a-memcpy-stub.o)
                0x08000e8c                memcpy
 *(.glue_7)
 .glue_7        0x08000ea2        0x0 linker stubs
 *(.glue_7t)
 .glue_7t       0x08000ea2        0x0 linker stubs
 *(.eh_frame)
 *fill*         0x08000ea2        0x2 
 .eh_frame      0x08000ea4        0x0 d:/ac6/systemworkbench/plugins/fr.ac6.mcu.externaltools.arm-none.win32_1.7.0.201602121829/tools/compiler/bin/../lib/gcc/arm-none-eabi/5.2.1/armv7e-m/fpu/crtbegin.o
 *(.init)
 .init          0x08000ea4        0x4 d:/ac6/systemworkbench/plugins/fr.ac6.mcu.externaltools.arm-none.win32_1.7.0.201602121829/tools/compiler/bin/../lib/gcc/arm-none-eabi/5.2.1/armv7e-m/fpu/crti.o
                0x08000ea4                _init
 .init          0x08000ea8        0x8 d:/ac6/systemworkbench/plugins/fr.ac6.mcu.externaltools.arm-none.win32_1.7.0.201602121829/tools/compiler/bin/../lib/gcc/arm-none-eabi/5.2.1/armv7e-m/fpu/crtn.o
 *(.fini)
 .fini          0x08000eb0        0x4 d:/ac6/systemworkbench/plugins/fr.ac6.mcu.externaltools.arm-none.win32_1.7.0.201602121829/tools/compiler/bin/../lib/gcc/arm-none-eabi/5.2.1/armv7e-m/fpu/crti.o
                0x08000eb0                _fini
 .fini          0x08000eb4        0x8 d:/ac6/systemworkbench/plugins/fr.ac6.mcu.externaltools.arm-none.win32_1.7.0.201602121829/tools/compiler/bin/../lib/gcc/arm-none-eabi/5.2.1/armv7e-m/fpu/crtn.o
                0x08000ebc                . = ALIGN (0x4)
                0x08000ebc                _etext = .

.vfp11_veneer   0x08000ebc        0x0
 .vfp11_veneer  0x08000ebc        0x0 linker stubs

.v4_bx          0x08000ebc        0x0
 .v4_bx         0x08000ebc        0x0 linker stubs

.iplt           0x08000ebc        0x0
 .iplt          0x08000ebc        0x0 d:/ac6/systemworkbench/plugins/fr.ac6.mcu.externaltools.arm-none.win32_1.7.0.201602121829/tools/compiler/bin/../lib/gcc/arm-none-eabi/5.2.1/armv7e-m/fpu/crtbegin.o

.rodata         0x08000ebc       0xe4
                0x08000ebc                . = ALIGN (0x4)
 *(.rodata)
 .rodata        0x08000ebc       0x18 Drivers/CMSIS/Device/ST/STM32F3xx/Source/Templates/system_stm32f3xx.o
                0x08000ebc                AHBPrescTable
                0x08000ecc                APBPrescTable
 .rodata        0x08000ed4       0x20 Drivers/STM32F3xx_HAL_Driver/Src/stm32f3xx_hal_rcc.o
                0x08000ed4                aPLLMULFactorTable
                0x08000ee4                aPredivFactorTable
 .rodata        0x08000ef4       0xac Src/main.o
 *(.rodata*)
                0x08000fa0                . = ALIGN (0x4)

.rel.dyn        0x08000fa0        0x0
 .rel.iplt      0x08000fa0        0x0 d:/ac6/systemworkbench/plugins/fr.ac6.mcu.externaltools.arm-none.win32_1.7.0.201602121829/tools/compiler/bin/../lib/gcc/arm-none-eabi/5.2.1/armv7e-m/fpu/crtbegin.o

.ARM.extab
 *(.ARM.extab* .gnu.linkonce.armextab.*)

.ARM            0x08000fa0        0x0
                0x08000fa0                __exidx_start = .
 *(.ARM.exidx*)
                0x08000fa0                __exidx_end = .

.preinit_array  0x08000fa0        0x0
                0x08000fa0                PROVIDE (__preinit_array_start, .)
 *(.preinit_array*)
                0x08000fa0                PROVIDE (__preinit_array_end, .)

.init_array     0x08000fa0        0x4
                0x08000fa0                PROVIDE (__init_array_start, .)
 *(SORT(.init_array.*))
 *(.init_array*)
 .init_array    0x08000fa0        0x4 d:/ac6/systemworkbench/plugins/fr.ac6.mcu.externaltools.arm-none.win32_1.7.0.201602121829/tools/compiler/bin/../lib/gcc/arm-none-eabi/5.2.1/armv7e-m/fpu/crtbegin.o
                0x08000fa4                PROVIDE (__init_array_end, .)

.fini_array     0x08000fa4        0x4
                [!provide]                PROVIDE (__fini_array_start, .)
 *(SORT(.fini_array.*))
 *(.fini_array*)
 .fini_array    0x08000fa4        0x4 d:/ac6/systemworkbench/plugins/fr.ac6.mcu.externaltools.arm-none.win32_1.7.0.201602121829/tools/compiler/bin/../lib/gcc/arm-none-eabi/5.2.1/armv7e-m/fpu/crtbegin.o
                [!provide]                PROVIDE (__fini_array_end, .)
                0x08000fa8                _sidata = LOADADDR (.data)

.data           0x20000000        0x4 load address 0x08000fa8
                0x20000000                . = ALIGN (0x4)
                0x20000000                _sdata = .
 *(.data)
 .data          0x20000000        0x4 Drivers/CMSIS/Device/ST/STM32F3xx/Source/Templates/system_stm32f3xx.o
                0x20000000                SystemCoreClock
 *(.data*)
                0x20000004                . = ALIGN (0x4)
                0x20000004                _edata = .
                0x08000fac                _siccmram = LOADADDR (.ccmram)

.jcr            0x20000004        0x0 load address 0x08000fac
 .jcr           0x20000004        0x0 d:/ac6/systemworkbench/plugins/fr.ac6.mcu.externaltools.arm-none.win32_1.7.0.201602121829/tools/compiler/bin/../lib/gcc/arm-none-eabi/5.2.1/armv7e-m/fpu/crtbegin.o

.tm_clone_table
                0x20000004        0x0 load address 0x08000fac
 .tm_clone_table
                0x20000004        0x0 d:/ac6/systemworkbench/plugins/fr.ac6.mcu.externaltools.arm-none.win32_1.7.0.201602121829/tools/compiler/bin/../lib/gcc/arm-none-eabi/5.2.1/armv7e-m/fpu/crtbegin.o
 .tm_clone_table
                0x20000004        0x0 d:/ac6/systemworkbench/plugins/fr.ac6.mcu.externaltools.arm-none.win32_1.7.0.201602121829/tools/compiler/bin/../lib/gcc/arm-none-eabi/5.2.1/armv7e-m/fpu/crtend.o

.igot.plt       0x20000004        0x0 load address 0x08000fac
 .igot.plt      0x20000004        0x0 d:/ac6/systemworkbench/plugins/fr.ac6.mcu.externaltools.arm-none.win32_1.7.0.201602121829/tools/compiler/bin/../lib/gcc/arm-none-eabi/5.2.1/armv7e-m/fpu/crtbegin.o

.ccmram         0x10000000        0x0 load address 0x08000fac
                0x10000000                . = ALIGN (0x4)
                0x10000000                _sccmram = .
 *(.ccmram)
 *(.ccmram*)
                0x10000000                . = ALIGN (0x4)
                0x10000000                _eccmram = .
                0x10000000                . = ALIGN (0x4)

.bss            0x20000004       0x20
                0x20000004                _sbss = .
                0x20000004                __bss_start__ = _sbss
 *(.bss)
 .bss           0x20000004       0x1c d:/ac6/systemworkbench/plugins/fr.ac6.mcu.externaltools.arm-none.win32_1.7.0.201602121829/tools/compiler/bin/../lib/gcc/arm-none-eabi/5.2.1/armv7e-m/fpu/crtbegin.o
 *(.bss*)
 *(COMMON)
 COMMON         0x20000020        0x4 Drivers/STM32F3xx_HAL_Driver/Src/stm32f3xx_hal.o
                0x20000020                uwTick
                0x20000024                . = ALIGN (0x4)
                0x20000024                _ebss = .
                0x20000024                __bss_end__ = _ebss

._user_heap_stack
                0x20000024      0x604
                0x20000028                . = ALIGN (0x8)
 *fill*         0x20000024        0x4 
                [!provide]                PROVIDE (end, .)
                [!provide]                PROVIDE (_end, .)
                0x20000228                . = (. + _Min_Heap_Size)
 *fill*         0x20000028      0x200 
                0x20000628                . = (. + _Min_Stack_Size)
 *fill*         0x20000228      0x400 
                0x20000628                . = ALIGN (0x8)

/DISCARD/
 libc.a(*)
 libm.a(*)
 libgcc.a(*)

.ARM.attributes
                0x00000000       0x30
 *(.ARM.attributes)
 .ARM.attributes
                0x00000000       0x22 d:/ac6/systemworkbench/plugins/fr.ac6.mcu.externaltools.arm-none.win32_1.7.0.201602121829/tools/compiler/bin/../lib/gcc/arm-none-eabi/5.2.1/armv7e-m/fpu/crti.o
 .ARM.attributes
                0x00000022       0x34 d:/ac6/systemworkbench/plugins/fr.ac6.mcu.externaltools.arm-none.win32_1.7.0.201602121829/tools/compiler/bin/../lib/gcc/arm-none-eabi/5.2.1/armv7e-m/fpu/crtbegin.o
 .ARM.attributes
                0x00000056       0x21 Drivers/CMSIS/Device/ST/STM32F3xx/Source/Templates/gcc/startup_stm32f303xc.o
 .ARM.attributes
                0x00000077       0x39 Drivers/CMSIS/Device/ST/STM32F3xx/Source/Templates/system_stm32f3xx.o
 .ARM.attributes
                0x000000b0       0x39 Drivers/STM32F3xx_HAL_Driver/Src/stm32f3xx_hal.o
 .ARM.attributes
                0x000000e9       0x39 Drivers/STM32F3xx_HAL_Driver/Src/stm32f3xx_hal_cortex.o
 .ARM.attributes
                0x00000122       0x39 Drivers/STM32F3xx_HAL_Driver/Src/stm32f3xx_hal_gpio.o
 .ARM.attributes
                0x0000015b       0x39 Drivers/STM32F3xx_HAL_Driver/Src/stm32f3xx_hal_rcc.o
 .ARM.attributes
                0x00000194       0x39 Src/main.o
 .ARM.attributes
                0x000001cd       0x39 Src/stm32f3xx_hal_msp.o
 .ARM.attributes
                0x00000206       0x39 Src/stm32f3xx_it.o
 .ARM.attributes
                0x0000023f       0x34 d:/ac6/systemworkbench/plugins/fr.ac6.mcu.externaltools.arm-none.win32_1.7.0.201602121829/tools/compiler/bin/../lib/gcc/arm-none-eabi/5.2.1/../../../../arm-none-eabi/lib/armv7e-m/fpu\libc_nano.a(lib_a-init.o)
 .ARM.attributes
                0x00000273       0x34 d:/ac6/systemworkbench/plugins/fr.ac6.mcu.externaltools.arm-none.win32_1.7.0.201602121829/tools/compiler/bin/../lib/gcc/arm-none-eabi/5.2.1/../../../../arm-none-eabi/lib/armv7e-m/fpu\libc_nano.a(lib_a-memcpy-stub.o)
 .ARM.attributes
                0x000002a7       0x34 d:/ac6/systemworkbench/plugins/fr.ac6.mcu.externaltools.arm-none.win32_1.7.0.201602121829/tools/compiler/bin/../lib/gcc/arm-none-eabi/5.2.1/armv7e-m/fpu/crtend.o
 .ARM.attributes
                0x000002db       0x22 d:/ac6/systemworkbench/plugins/fr.ac6.mcu.externaltools.arm-none.win32_1.7.0.201602121829/tools/compiler/bin/../lib/gcc/arm-none-eabi/5.2.1/armv7e-m/fpu/crtn.o
OUTPUT(morze_yaryna.elf elf32-littlearm)

.debug_line     0x00000000     0x46d6
 .debug_line    0x00000000       0xae Drivers/CMSIS/Device/ST/STM32F3xx/Source/Templates/gcc/startup_stm32f303xc.o
 .debug_line    0x000000ae      0x7c0 Drivers/CMSIS/Device/ST/STM32F3xx/Source/Templates/system_stm32f3xx.o
 .debug_line    0x0000086e      0x8af Drivers/STM32F3xx_HAL_Driver/Src/stm32f3xx_hal.o
 .debug_line    0x0000111d      0x95c Drivers/STM32F3xx_HAL_Driver/Src/stm32f3xx_hal_cortex.o
 .debug_line    0x00001a79      0x907 Drivers/STM32F3xx_HAL_Driver/Src/stm32f3xx_hal_gpio.o
 .debug_line    0x00002380      0xc85 Drivers/STM32F3xx_HAL_Driver/Src/stm32f3xx_hal_rcc.o
 .debug_line    0x00003005      0x7b5 Src/main.o
 .debug_line    0x000037ba      0x764 Src/stm32f3xx_hal_msp.o
 .debug_line    0x00003f1e      0x7b8 Src/stm32f3xx_it.o

.debug_info     0x00000000     0x3fc8
 .debug_info    0x00000000       0xab Drivers/CMSIS/Device/ST/STM32F3xx/Source/Templates/gcc/startup_stm32f303xc.o
 .debug_info    0x000000ab      0x3ea Drivers/CMSIS/Device/ST/STM32F3xx/Source/Templates/system_stm32f3xx.o
 .debug_info    0x00000495      0x6f1 Drivers/STM32F3xx_HAL_Driver/Src/stm32f3xx_hal.o
 .debug_info    0x00000b86      0xe1b Drivers/STM32F3xx_HAL_Driver/Src/stm32f3xx_hal_cortex.o
 .debug_info    0x000019a1      0x675 Drivers/STM32F3xx_HAL_Driver/Src/stm32f3xx_hal_gpio.o
 .debug_info    0x00002016     0x1322 Drivers/STM32F3xx_HAL_Driver/Src/stm32f3xx_hal_rcc.o
 .debug_info    0x00003338      0x6ce Src/main.o
 .debug_info    0x00003a06      0x47b Src/stm32f3xx_hal_msp.o
 .debug_info    0x00003e81      0x147 Src/stm32f3xx_it.o

.debug_abbrev   0x00000000      0xe79
 .debug_abbrev  0x00000000       0x12 Drivers/CMSIS/Device/ST/STM32F3xx/Source/Templates/gcc/startup_stm32f303xc.o
 .debug_abbrev  0x00000012      0x104 Drivers/CMSIS/Device/ST/STM32F3xx/Source/Templates/system_stm32f3xx.o
 .debug_abbrev  0x00000116      0x1d3 Drivers/STM32F3xx_HAL_Driver/Src/stm32f3xx_hal.o
 .debug_abbrev  0x000002e9      0x316 Drivers/STM32F3xx_HAL_Driver/Src/stm32f3xx_hal_cortex.o
 .debug_abbrev  0x000005ff      0x1cb Drivers/STM32F3xx_HAL_Driver/Src/stm32f3xx_hal_gpio.o
 .debug_abbrev  0x000007ca      0x2cd Drivers/STM32F3xx_HAL_Driver/Src/stm32f3xx_hal_rcc.o
 .debug_abbrev  0x00000a97      0x1fe Src/main.o
 .debug_abbrev  0x00000c95      0x112 Src/stm32f3xx_hal_msp.o
 .debug_abbrev  0x00000da7       0xd2 Src/stm32f3xx_it.o

.debug_aranges  0x00000000      0x308
 .debug_aranges
                0x00000000       0x28 Drivers/CMSIS/Device/ST/STM32F3xx/Source/Templates/gcc/startup_stm32f303xc.o
 .debug_aranges
                0x00000028       0x28 Drivers/CMSIS/Device/ST/STM32F3xx/Source/Templates/system_stm32f3xx.o
 .debug_aranges
                0x00000050       0xa8 Drivers/STM32F3xx_HAL_Driver/Src/stm32f3xx_hal.o
 .debug_aranges
                0x000000f8       0x98 Drivers/STM32F3xx_HAL_Driver/Src/stm32f3xx_hal_cortex.o
 .debug_aranges
                0x00000190       0x58 Drivers/STM32F3xx_HAL_Driver/Src/stm32f3xx_hal_gpio.o
 .debug_aranges
                0x000001e8       0x88 Drivers/STM32F3xx_HAL_Driver/Src/stm32f3xx_hal_rcc.o
 .debug_aranges
                0x00000270       0x30 Src/main.o
 .debug_aranges
                0x000002a0       0x20 Src/stm32f3xx_hal_msp.o
 .debug_aranges
                0x000002c0       0x48 Src/stm32f3xx_it.o

.debug_ranges   0x00000000      0x500
 .debug_ranges  0x00000000       0x20 Drivers/CMSIS/Device/ST/STM32F3xx/Source/Templates/gcc/startup_stm32f303xc.o
 .debug_ranges  0x00000020       0x18 Drivers/CMSIS/Device/ST/STM32F3xx/Source/Templates/system_stm32f3xx.o
 .debug_ranges  0x00000038       0x98 Drivers/STM32F3xx_HAL_Driver/Src/stm32f3xx_hal.o
 .debug_ranges  0x000000d0      0x148 Drivers/STM32F3xx_HAL_Driver/Src/stm32f3xx_hal_cortex.o
 .debug_ranges  0x00000218       0x68 Drivers/STM32F3xx_HAL_Driver/Src/stm32f3xx_hal_gpio.o
 .debug_ranges  0x00000280      0x1d0 Drivers/STM32F3xx_HAL_Driver/Src/stm32f3xx_hal_rcc.o
 .debug_ranges  0x00000450       0x48 Src/main.o
 .debug_ranges  0x00000498       0x30 Src/stm32f3xx_hal_msp.o
 .debug_ranges  0x000004c8       0x38 Src/stm32f3xx_it.o

.debug_loc      0x00000000     0x1098
 .debug_loc     0x00000000       0xbe Drivers/CMSIS/Device/ST/STM32F3xx/Source/Templates/system_stm32f3xx.o
 .debug_loc     0x000000be       0x4b Drivers/STM32F3xx_HAL_Driver/Src/stm32f3xx_hal.o
 .debug_loc     0x00000109      0x4ab Drivers/STM32F3xx_HAL_Driver/Src/stm32f3xx_hal_cortex.o
 .debug_loc     0x000005b4      0x29a Drivers/STM32F3xx_HAL_Driver/Src/stm32f3xx_hal_gpio.o
 .debug_loc     0x0000084e      0x82b Drivers/STM32F3xx_HAL_Driver/Src/stm32f3xx_hal_rcc.o
 .debug_loc     0x00001079       0x1f Src/main.o

.debug_macro    0x00000000    0x1bcad
 .debug_macro   0x00000000      0x2c0 Drivers/CMSIS/Device/ST/STM32F3xx/Source/Templates/system_stm32f3xx.o
 .debug_macro   0x000002c0      0x89e Drivers/CMSIS/Device/ST/STM32F3xx/Source/Templates/system_stm32f3xx.o
 .debug_macro   0x00000b5e       0x31 Drivers/CMSIS/Device/ST/STM32F3xx/Source/Templates/system_stm32f3xx.o
 .debug_macro   0x00000b8f       0x28 Drivers/CMSIS/Device/ST/STM32F3xx/Source/Templates/system_stm32f3xx.o
 .debug_macro   0x00000bb7       0x22 Drivers/CMSIS/Device/ST/STM32F3xx/Source/Templates/system_stm32f3xx.o
 .debug_macro   0x00000bd9       0x44 Drivers/CMSIS/Device/ST/STM32F3xx/Source/Templates/system_stm32f3xx.o
 .debug_macro   0x00000c1d       0xfd Drivers/CMSIS/Device/ST/STM32F3xx/Source/Templates/system_stm32f3xx.o
 .debug_macro   0x00000d1a       0x22 Drivers/CMSIS/Device/ST/STM32F3xx/Source/Templates/system_stm32f3xx.o
 .debug_macro   0x00000d3c      0x1df Drivers/CMSIS/Device/ST/STM32F3xx/Source/Templates/system_stm32f3xx.o
 .debug_macro   0x00000f1b       0x35 Drivers/CMSIS/Device/ST/STM32F3xx/Source/Templates/system_stm32f3xx.o
 .debug_macro   0x00000f50       0x50 Drivers/CMSIS/Device/ST/STM32F3xx/Source/Templates/system_stm32f3xx.o
 .debug_macro   0x00000fa0      0xe66 Drivers/CMSIS/Device/ST/STM32F3xx/Source/Templates/system_stm32f3xx.o
 .debug_macro   0x00001e06    0x12a87 Drivers/CMSIS/Device/ST/STM32F3xx/Source/Templates/system_stm32f3xx.o
 .debug_macro   0x0001488d       0x43 Drivers/CMSIS/Device/ST/STM32F3xx/Source/Templates/system_stm32f3xx.o
 .debug_macro   0x000148d0       0x16 Drivers/CMSIS/Device/ST/STM32F3xx/Source/Templates/system_stm32f3xx.o
 .debug_macro   0x000148e6       0x92 Drivers/CMSIS/Device/ST/STM32F3xx/Source/Templates/system_stm32f3xx.o
 .debug_macro   0x00014978     0x33ad Drivers/CMSIS/Device/ST/STM32F3xx/Source/Templates/system_stm32f3xx.o
 .debug_macro   0x00017d25       0x58 Drivers/CMSIS/Device/ST/STM32F3xx/Source/Templates/system_stm32f3xx.o
 .debug_macro   0x00017d7d       0x35 Drivers/CMSIS/Device/ST/STM32F3xx/Source/Templates/system_stm32f3xx.o
 .debug_macro   0x00017db2       0x9c Drivers/CMSIS/Device/ST/STM32F3xx/Source/Templates/system_stm32f3xx.o
 .debug_macro   0x00017e4e       0x16 Drivers/CMSIS/Device/ST/STM32F3xx/Source/Templates/system_stm32f3xx.o
 .debug_macro   0x00017e64       0x97 Drivers/CMSIS/Device/ST/STM32F3xx/Source/Templates/system_stm32f3xx.o
 .debug_macro   0x00017efb      0x329 Drivers/CMSIS/Device/ST/STM32F3xx/Source/Templates/system_stm32f3xx.o
 .debug_macro   0x00018224       0xfd Drivers/CMSIS/Device/ST/STM32F3xx/Source/Templates/system_stm32f3xx.o
 .debug_macro   0x00018321       0x10 Drivers/CMSIS/Device/ST/STM32F3xx/Source/Templates/system_stm32f3xx.o
 .debug_macro   0x00018331       0x52 Drivers/CMSIS/Device/ST/STM32F3xx/Source/Templates/system_stm32f3xx.o
 .debug_macro   0x00018383       0x16 Drivers/CMSIS/Device/ST/STM32F3xx/Source/Templates/system_stm32f3xx.o
 .debug_macro   0x00018399       0x43 Drivers/CMSIS/Device/ST/STM32F3xx/Source/Templates/system_stm32f3xx.o
 .debug_macro   0x000183dc      0x187 Drivers/CMSIS/Device/ST/STM32F3xx/Source/Templates/system_stm32f3xx.o
 .debug_macro   0x00018563       0x10 Drivers/CMSIS/Device/ST/STM32F3xx/Source/Templates/system_stm32f3xx.o
 .debug_macro   0x00018573       0x22 Drivers/CMSIS/Device/ST/STM32F3xx/Source/Templates/system_stm32f3xx.o
 .debug_macro   0x00018595       0x3a Drivers/CMSIS/Device/ST/STM32F3xx/Source/Templates/system_stm32f3xx.o
 .debug_macro   0x000185cf       0x10 Drivers/CMSIS/Device/ST/STM32F3xx/Source/Templates/system_stm32f3xx.o
 .debug_macro   0x000185df       0x40 Drivers/CMSIS/Device/ST/STM32F3xx/Source/Templates/system_stm32f3xx.o
 .debug_macro   0x0001861f       0x65 Drivers/CMSIS/Device/ST/STM32F3xx/Source/Templates/system_stm32f3xx.o
 .debug_macro   0x00018684       0x16 Drivers/CMSIS/Device/ST/STM32F3xx/Source/Templates/system_stm32f3xx.o
 .debug_macro   0x0001869a      0x197 Drivers/CMSIS/Device/ST/STM32F3xx/Source/Templates/system_stm32f3xx.o
 .debug_macro   0x00018831       0x49 Drivers/CMSIS/Device/ST/STM32F3xx/Source/Templates/system_stm32f3xx.o
 .debug_macro   0x0001887a      0x969 Drivers/CMSIS/Device/ST/STM32F3xx/Source/Templates/system_stm32f3xx.o
 .debug_macro   0x000191e3      0x5fe Drivers/CMSIS/Device/ST/STM32F3xx/Source/Templates/system_stm32f3xx.o
 .debug_macro   0x000197e1      0x13a Drivers/CMSIS/Device/ST/STM32F3xx/Source/Templates/system_stm32f3xx.o
 .debug_macro   0x0001991b      0x1fb Drivers/CMSIS/Device/ST/STM32F3xx/Source/Templates/system_stm32f3xx.o
 .debug_macro   0x00019b16      0x1b5 Drivers/CMSIS/Device/ST/STM32F3xx/Source/Templates/system_stm32f3xx.o
 .debug_macro   0x00019ccb       0x31 Drivers/CMSIS/Device/ST/STM32F3xx/Source/Templates/system_stm32f3xx.o
 .debug_macro   0x00019cfc       0x3c Drivers/CMSIS/Device/ST/STM32F3xx/Source/Templates/system_stm32f3xx.o
 .debug_macro   0x00019d38      0x23a Drivers/CMSIS/Device/ST/STM32F3xx/Source/Templates/system_stm32f3xx.o
 .debug_macro   0x00019f72       0xcb Drivers/CMSIS/Device/ST/STM32F3xx/Source/Templates/system_stm32f3xx.o
 .debug_macro   0x0001a03d      0x22b Drivers/CMSIS/Device/ST/STM32F3xx/Source/Templates/system_stm32f3xx.o
 .debug_macro   0x0001a268      0x202 Drivers/CMSIS/Device/ST/STM32F3xx/Source/Templates/system_stm32f3xx.o
 .debug_macro   0x0001a46a       0x4f Drivers/CMSIS/Device/ST/STM32F3xx/Source/Templates/system_stm32f3xx.o
 .debug_macro   0x0001a4b9       0x90 Drivers/CMSIS/Device/ST/STM32F3xx/Source/Templates/system_stm32f3xx.o
 .debug_macro   0x0001a549       0x82 Drivers/CMSIS/Device/ST/STM32F3xx/Source/Templates/system_stm32f3xx.o
 .debug_macro   0x0001a5cb       0xd4 Drivers/CMSIS/Device/ST/STM32F3xx/Source/Templates/system_stm32f3xx.o
 .debug_macro   0x0001a69f      0x26e Drivers/CMSIS/Device/ST/STM32F3xx/Source/Templates/system_stm32f3xx.o
 .debug_macro   0x0001a90d      0x2de Drivers/STM32F3xx_HAL_Driver/Src/stm32f3xx_hal.o
 .debug_macro   0x0001abeb      0x2ba Drivers/STM32F3xx_HAL_Driver/Src/stm32f3xx_hal_cortex.o
 .debug_macro   0x0001aea5      0x2f2 Drivers/STM32F3xx_HAL_Driver/Src/stm32f3xx_hal_gpio.o
 .debug_macro   0x0001b197      0x2de Drivers/STM32F3xx_HAL_Driver/Src/stm32f3xx_hal_rcc.o
 .debug_macro   0x0001b475      0x2ba Src/main.o
 .debug_macro   0x0001b72f      0x2ba Src/stm32f3xx_hal_msp.o
 .debug_macro   0x0001b9e9      0x2c4 Src/stm32f3xx_it.o

.debug_str      0x00000000    0xa2471
 .debug_str     0x00000000    0xa12ba Drivers/CMSIS/Device/ST/STM32F3xx/Source/Templates/system_stm32f3xx.o
                              0xa1547 (size before relaxing)
 .debug_str     0x000a12ba      0x646 Drivers/STM32F3xx_HAL_Driver/Src/stm32f3xx_hal.o
                              0xa1c44 (size before relaxing)
 .debug_str     0x000a1900      0x363 Drivers/STM32F3xx_HAL_Driver/Src/stm32f3xx_hal_cortex.o
                              0xa1d46 (size before relaxing)
 .debug_str     0x000a1c63      0x301 Drivers/STM32F3xx_HAL_Driver/Src/stm32f3xx_hal_gpio.o
                              0xa177f (size before relaxing)
 .debug_str     0x000a1f64      0x3f8 Drivers/STM32F3xx_HAL_Driver/Src/stm32f3xx_hal_rcc.o
                              0xa1986 (size before relaxing)
 .debug_str     0x000a235c       0x5f Src/main.o
                              0xa16e8 (size before relaxing)
 .debug_str     0x000a23bb       0x27 Src/stm32f3xx_hal_msp.o
                              0xa18a0 (size before relaxing)
 .debug_str     0x000a23e2       0x8f Src/stm32f3xx_it.o
                              0xa1459 (size before relaxing)

.comment        0x00000000       0x6e
 .comment       0x00000000       0x6e Drivers/CMSIS/Device/ST/STM32F3xx/Source/Templates/system_stm32f3xx.o
                                 0x6f (size before relaxing)
 .comment       0x0000006e       0x6f Drivers/STM32F3xx_HAL_Driver/Src/stm32f3xx_hal.o
 .comment       0x0000006e       0x6f Drivers/STM32F3xx_HAL_Driver/Src/stm32f3xx_hal_cortex.o
 .comment       0x0000006e       0x6f Drivers/STM32F3xx_HAL_Driver/Src/stm32f3xx_hal_gpio.o
 .comment       0x0000006e       0x6f Drivers/STM32F3xx_HAL_Driver/Src/stm32f3xx_hal_rcc.o
 .comment       0x0000006e       0x6f Src/main.o
 .comment       0x0000006e       0x6f Src/stm32f3xx_hal_msp.o
 .comment       0x0000006e       0x6f Src/stm32f3xx_it.o

.debug_frame    0x00000000      0x660
 .debug_frame   0x00000000       0x38 Drivers/CMSIS/Device/ST/STM32F3xx/Source/Templates/system_stm32f3xx.o
 .debug_frame   0x00000038      0x164 Drivers/STM32F3xx_HAL_Driver/Src/stm32f3xx_hal.o
 .debug_frame   0x0000019c      0x130 Drivers/STM32F3xx_HAL_Driver/Src/stm32f3xx_hal_cortex.o
 .debug_frame   0x000002cc       0xd4 Drivers/STM32F3xx_HAL_Driver/Src/stm32f3xx_hal_gpio.o
 .debug_frame   0x000003a0      0x138 Drivers/STM32F3xx_HAL_Driver/Src/stm32f3xx_hal_rcc.o
 .debug_frame   0x000004d8       0x60 Src/main.o
 .debug_frame   0x00000538       0x28 Src/stm32f3xx_hal_msp.o
 .debug_frame   0x00000560       0xac Src/stm32f3xx_it.o
 .debug_frame   0x0000060c       0x2c d:/ac6/systemworkbench/plugins/fr.ac6.mcu.externaltools.arm-none.win32_1.7.0.201602121829/tools/compiler/bin/../lib/gcc/arm-none-eabi/5.2.1/../../../../arm-none-eabi/lib/armv7e-m/fpu\libc_nano.a(lib_a-init.o)
 .debug_frame   0x00000638       0x28 d:/ac6/systemworkbench/plugins/fr.ac6.mcu.externaltools.arm-none.win32_1.7.0.201602121829/tools/compiler/bin/../lib/gcc/arm-none-eabi/5.2.1/../../../../arm-none-eabi/lib/armv7e-m/fpu\libc_nano.a(lib_a-memcpy-stub.o)
