Archive member included to satisfy reference by file (symbol)

d:/ac6/systemworkbench/plugins/fr.ac6.mcu.externaltools.arm-none.win32_1.7.0.201602121829/tools/compiler/bin/../lib/gcc/arm-none-eabi/5.2.1/armv7e-m/fpu\libgcc.a(_lshrdi3.o)
                              Drivers/STM32F3xx_HAL_Driver/Src/stm32f3xx_hal_flash.o (__aeabi_llsr)
d:/ac6/systemworkbench/plugins/fr.ac6.mcu.externaltools.arm-none.win32_1.7.0.201602121829/tools/compiler/bin/../lib/gcc/arm-none-eabi/5.2.1/../../../../arm-none-eabi/lib/armv7e-m/fpu\libc_nano.a(lib_a-exit.o)
                              d:/ac6/systemworkbench/plugins/fr.ac6.mcu.externaltools.arm-none.win32_1.7.0.201602121829/tools/compiler/bin/../lib/gcc/arm-none-eabi/5.2.1/../../../../arm-none-eabi/lib/armv7e-m/fpu/crt0.o (exit)
d:/ac6/systemworkbench/plugins/fr.ac6.mcu.externaltools.arm-none.win32_1.7.0.201602121829/tools/compiler/bin/../lib/gcc/arm-none-eabi/5.2.1/../../../../arm-none-eabi/lib/armv7e-m/fpu\libc_nano.a(lib_a-impure.o)
                              d:/ac6/systemworkbench/plugins/fr.ac6.mcu.externaltools.arm-none.win32_1.7.0.201602121829/tools/compiler/bin/../lib/gcc/arm-none-eabi/5.2.1/../../../../arm-none-eabi/lib/armv7e-m/fpu\libc_nano.a(lib_a-exit.o) (_global_impure_ptr)
d:/ac6/systemworkbench/plugins/fr.ac6.mcu.externaltools.arm-none.win32_1.7.0.201602121829/tools/compiler/bin/../lib/gcc/arm-none-eabi/5.2.1/../../../../arm-none-eabi/lib/armv7e-m/fpu\libc_nano.a(lib_a-init.o)
                              d:/ac6/systemworkbench/plugins/fr.ac6.mcu.externaltools.arm-none.win32_1.7.0.201602121829/tools/compiler/bin/../lib/gcc/arm-none-eabi/5.2.1/../../../../arm-none-eabi/lib/armv7e-m/fpu/crt0.o (__libc_init_array)
d:/ac6/systemworkbench/plugins/fr.ac6.mcu.externaltools.arm-none.win32_1.7.0.201602121829/tools/compiler/bin/../lib/gcc/arm-none-eabi/5.2.1/../../../../arm-none-eabi/lib/armv7e-m/fpu\libc_nano.a(lib_a-memset.o)
                              d:/ac6/systemworkbench/plugins/fr.ac6.mcu.externaltools.arm-none.win32_1.7.0.201602121829/tools/compiler/bin/../lib/gcc/arm-none-eabi/5.2.1/../../../../arm-none-eabi/lib/armv7e-m/fpu/crt0.o (memset)
d:/ac6/systemworkbench/plugins/fr.ac6.mcu.externaltools.arm-none.win32_1.7.0.201602121829/tools/compiler/bin/../lib/gcc/arm-none-eabi/5.2.1/../../../../arm-none-eabi/lib/armv7e-m/fpu\libnosys.a(_exit.o)
                              d:/ac6/systemworkbench/plugins/fr.ac6.mcu.externaltools.arm-none.win32_1.7.0.201602121829/tools/compiler/bin/../lib/gcc/arm-none-eabi/5.2.1/../../../../arm-none-eabi/lib/armv7e-m/fpu\libc_nano.a(lib_a-exit.o) (_exit)

Allocating common symbols
Common symbol       size              file

uwTick              0x4               Drivers/STM32F3xx_HAL_Driver/Src/stm32f3xx_hal.o
pFlash              0x20              Drivers/STM32F3xx_HAL_Driver/Src/stm32f3xx_hal_flash.o

Discarded input sections

 .text          0x00000000        0x0 d:/ac6/systemworkbench/plugins/fr.ac6.mcu.externaltools.arm-none.win32_1.7.0.201602121829/tools/compiler/bin/../lib/gcc/arm-none-eabi/5.2.1/armv7e-m/fpu/crti.o
 .data          0x00000000        0x0 d:/ac6/systemworkbench/plugins/fr.ac6.mcu.externaltools.arm-none.win32_1.7.0.201602121829/tools/compiler/bin/../lib/gcc/arm-none-eabi/5.2.1/armv7e-m/fpu/crti.o
 .bss           0x00000000        0x0 d:/ac6/systemworkbench/plugins/fr.ac6.mcu.externaltools.arm-none.win32_1.7.0.201602121829/tools/compiler/bin/../lib/gcc/arm-none-eabi/5.2.1/armv7e-m/fpu/crti.o
 .data          0x00000000        0x4 d:/ac6/systemworkbench/plugins/fr.ac6.mcu.externaltools.arm-none.win32_1.7.0.201602121829/tools/compiler/bin/../lib/gcc/arm-none-eabi/5.2.1/armv7e-m/fpu/crtbegin.o
 .text          0x00000000       0x74 d:/ac6/systemworkbench/plugins/fr.ac6.mcu.externaltools.arm-none.win32_1.7.0.201602121829/tools/compiler/bin/../lib/gcc/arm-none-eabi/5.2.1/../../../../arm-none-eabi/lib/armv7e-m/fpu/crt0.o
 .data          0x00000000        0x0 d:/ac6/systemworkbench/plugins/fr.ac6.mcu.externaltools.arm-none.win32_1.7.0.201602121829/tools/compiler/bin/../lib/gcc/arm-none-eabi/5.2.1/../../../../arm-none-eabi/lib/armv7e-m/fpu/crt0.o
 .bss           0x00000000        0x0 d:/ac6/systemworkbench/plugins/fr.ac6.mcu.externaltools.arm-none.win32_1.7.0.201602121829/tools/compiler/bin/../lib/gcc/arm-none-eabi/5.2.1/../../../../arm-none-eabi/lib/armv7e-m/fpu/crt0.o
 .ARM.extab     0x00000000        0x0 d:/ac6/systemworkbench/plugins/fr.ac6.mcu.externaltools.arm-none.win32_1.7.0.201602121829/tools/compiler/bin/../lib/gcc/arm-none-eabi/5.2.1/../../../../arm-none-eabi/lib/armv7e-m/fpu/crt0.o
 .ARM.exidx     0x00000000        0x8 d:/ac6/systemworkbench/plugins/fr.ac6.mcu.externaltools.arm-none.win32_1.7.0.201602121829/tools/compiler/bin/../lib/gcc/arm-none-eabi/5.2.1/../../../../arm-none-eabi/lib/armv7e-m/fpu/crt0.o
 .ARM.attributes
[...]
Memory Configuration

Name             Origin             Length             Attributes
RAM              0x20000000         0x0000a000         xrw
CCMRAM           0x10000000         0x00002000         rw
FLASH            0x08000000         0x00040000         xr
*default*        0x00000000         0xffffffff

Linker script and memory map

LOAD d:/ac6/systemworkbench/plugins/fr.ac6.mcu.externaltools.arm-none.win32_1.7.0.201602121829/tools/compiler/bin/../lib/gcc/arm-none-eabi/5.2.1/armv7e-m/fpu/crti.o
LOAD d:/ac6/systemworkbench/plugins/fr.ac6.mcu.externaltools.arm-none.win32_1.7.0.201602121829/tools/compiler/bin/../lib/gcc/arm-none-eabi/5.2.1/armv7e-m/fpu/crtbegin.o
LOAD d:/ac6/systemworkbench/plugins/fr.ac6.mcu.externaltools.arm-none.win32_1.7.0.201602121829/tools/compiler/bin/../lib/gcc/arm-none-eabi/5.2.1/../../../../arm-none-eabi/lib/armv7e-m/fpu/crt0.o
LOAD d:/ac6/systemworkbench/plugins/fr.ac6.mcu.externaltools.arm-none.win32_1.7.0.201602121829/tools/compiler/bin/../lib/gcc/arm-none-eabi/5.2.1/../../../../arm-none-eabi/lib/armv7e-m/fpu\libm.a
LOAD Drivers/CMSIS/Device/ST/STM32F3xx/Source/Templates/gcc/startup_stm32f303xc.o
LOAD Drivers/CMSIS/Device/ST/STM32F3xx/Source/Templates/system_stm32f3xx.o
LOAD Drivers/STM32F3xx_HAL_Driver/Src/stm32f3xx_hal.o
LOAD Drivers/STM32F3xx_HAL_Driver/Src/stm32f3xx_hal_cortex.o
LOAD Drivers/STM32F3xx_HAL_Driver/Src/stm32f3xx_hal_dma.o
LOAD Drivers/STM32F3xx_HAL_Driver/Src/stm32f3xx_hal_flash.o
LOAD Drivers/STM32F3xx_HAL_Driver/Src/stm32f3xx_hal_flash_ex.o
LOAD Drivers/STM32F3xx_HAL_Driver/Src/stm32f3xx_hal_gpio.o
LOAD Drivers/STM32F3xx_HAL_Driver/Src/stm32f3xx_hal_i2c.o
LOAD Drivers/STM32F3xx_HAL_Driver/Src/stm32f3xx_hal_i2c_ex.o
LOAD Drivers/STM32F3xx_HAL_Driver/Src/stm32f3xx_hal_pwr.o
LOAD Drivers/STM32F3xx_HAL_Driver/Src/stm32f3xx_hal_pwr_ex.o
LOAD Drivers/STM32F3xx_HAL_Driver/Src/stm32f3xx_hal_rcc.o
LOAD Drivers/STM32F3xx_HAL_Driver/Src/stm32f3xx_hal_rcc_ex.o
LOAD Drivers/STM32F3xx_HAL_Driver/Src/stm32f3xx_hal_tim.o
LOAD Drivers/STM32F3xx_HAL_Driver/Src/stm32f3xx_hal_tim_ex.o
LOAD Src/gpio.o
LOAD Src/main.o
LOAD Src/stm32f3xx_hal_msp.o
LOAD Src/stm32f3xx_it.o
START GROUP
LOAD d:/ac6/systemworkbench/plugins/fr.ac6.mcu.externaltools.arm-none.win32_1.7.0.201602121829/tools/compiler/bin/../lib/gcc/arm-none-eabi/5.2.1/armv7e-m/fpu\libgcc.a
LOAD d:/ac6/systemworkbench/plugins/fr.ac6.mcu.externaltools.arm-none.win32_1.7.0.201602121829/tools/compiler/bin/../lib/gcc/arm-none-eabi/5.2.1/../../../../arm-none-eabi/lib/armv7e-m/fpu\libc_nano.a
END GROUP
START GROUP
LOAD d:/ac6/systemworkbench/plugins/fr.ac6.mcu.externaltools.arm-none.win32_1.7.0.201602121829/tools/compiler/bin/../lib/gcc/arm-none-eabi/5.2.1/armv7e-m/fpu\libgcc.a
LOAD d:/ac6/systemworkbench/plugins/fr.ac6.mcu.externaltools.arm-none.win32_1.7.0.201602121829/tools/compiler/bin/../lib/gcc/arm-none-eabi/5.2.1/../../../../arm-none-eabi/lib/armv7e-m/fpu\libc_nano.a
LOAD d:/ac6/systemworkbench/plugins/fr.ac6.mcu.externaltools.arm-none.win32_1.7.0.201602121829/tools/compiler/bin/../lib/gcc/arm-none-eabi/5.2.1/../../../../arm-none-eabi/lib/armv7e-m/fpu\libnosys.a
END GROUP
START GROUP
LOAD d:/ac6/systemworkbench/plugins/fr.ac6.mcu.externaltools.arm-none.win32_1.7.0.201602121829/tools/compiler/bin/../lib/gcc/arm-none-eabi/5.2.1/armv7e-m/fpu\libgcc.a
LOAD d:/ac6/systemworkbench/plugins/fr.ac6.mcu.externaltools.arm-none.win32_1.7.0.201602121829/tools/compiler/bin/../lib/gcc/arm-none-eabi/5.2.1/../../../../arm-none-eabi/lib/armv7e-m/fpu\libc_nano.a
LOAD d:/ac6/systemworkbench/plugins/fr.ac6.mcu.externaltools.arm-none.win32_1.7.0.201602121829/tools/compiler/bin/../lib/gcc/arm-none-eabi/5.2.1/../../../../arm-none-eabi/lib/armv7e-m/fpu\libnosys.a
END GROUP
LOAD d:/ac6/systemworkbench/plugins/fr.ac6.mcu.externaltools.arm-none.win32_1.7.0.201602121829/tools/compiler/bin/../lib/gcc/arm-none-eabi/5.2.1/armv7e-m/fpu/crtend.o
LOAD d:/ac6/systemworkbench/plugins/fr.ac6.mcu.externaltools.arm-none.win32_1.7.0.201602121829/tools/compiler/bin/../lib/gcc/arm-none-eabi/5.2.1/armv7e-m/fpu/crtn.o
                0x2000a000                _estack = 0x2000a000
                0x00000200                _Min_Heap_Size = 0x200
                0x00000400                _Min_Stack_Size = 0x400

.isr_vector     0x08000000      0x188
                0x08000000                . = ALIGN (0x4)
 *(.isr_vector)
 .isr_vector    0x08000000      0x188 Drivers/CMSIS/Device/ST/STM32F3xx/Source/Templates/gcc/startup_stm32f303xc.o
                0x08000000                g_pfnVectors
                0x08000188                . = ALIGN (0x4)

.text           0x08000188     0x117c
                0x08000188                . = ALIGN (0x4)
 *(.text)
 .text          0x08000188       0xa4 d:/ac6/systemworkbench/plugins/fr.ac6.mcu.externaltools.arm-none.win32_1.7.0.201602121829/tools/compiler/bin/../lib/gcc/arm-none-eabi/5.2.1/armv7e-m/fpu/crtbegin.o
 *(.text*)
 .text.Reset_Handler
                0x0800022c       0x50 Drivers/CMSIS/Device/ST/STM32F3xx/Source/Templates/gcc/startup_stm32f303xc.o
                0x0800022c                Reset_Handler
 .text.Default_Handler
                0x0800027c        0x2 Drivers/CMSIS/Device/ST/STM32F3xx/Source/Templates/gcc/startup_stm32f303xc.o
                0x0800027c                RTC_Alarm_IRQHandler
                0x0800027c                TIM8_TRG_COM_IRQHandler
                0x0800027c                TIM8_CC_IRQHandler
                0x0800027c                TIM1_CC_IRQHandler
                0x0800027c                USB_HP_IRQHandler
                0x0800027c                PVD_IRQHandler
                0x0800027c                TAMP_STAMP_IRQHandler
                0x0800027c                EXTI3_IRQHandler
                0x0800027c                USB_HP_CAN_TX_IRQHandler
                0x0800027c                I2C2_EV_IRQHandler
                0x0800027c                FPU_IRQHandler
                0x0800027c                TIM1_UP_TIM16_IRQHandler
                0x0800027c                ADC1_2_IRQHandler
                0x0800027c                SPI1_IRQHandler
                0x0800027c                CAN_SCE_IRQHandler
                0x0800027c                TIM6_DAC_IRQHandler
                0x0800027c                TIM8_UP_IRQHandler
                0x0800027c                DMA2_Channel2_IRQHandler
                0x0800027c                DMA1_Channel4_IRQHandler
                0x0800027c                USART3_IRQHandler
                0x0800027c                DMA1_Channel7_IRQHandler
                0x0800027c                UART5_IRQHandler
                0x0800027c                ADC3_IRQHandler
                0x0800027c                TIM4_IRQHandler
                0x0800027c                CAN_RX1_IRQHandler
                0x0800027c                DMA2_Channel1_IRQHandler
                0x0800027c                I2C1_EV_IRQHandler
                0x0800027c                DMA1_Channel6_IRQHandler
                0x0800027c                UART4_IRQHandler
                0x0800027c                DMA2_Channel4_IRQHandler
                0x0800027c                TIM3_IRQHandler
                0x0800027c                RCC_IRQHandler
                0x0800027c                DMA1_Channel1_IRQHandler
                0x0800027c                Default_Handler
                0x0800027c                USBWakeUp_RMP_IRQHandler
                0x0800027c                EXTI15_10_IRQHandler
                0x0800027c                TIM7_IRQHandler
                0x0800027c                EXTI9_5_IRQHandler
                0x0800027c                RTC_WKUP_IRQHandler
                0x0800027c                SPI2_IRQHandler
                0x0800027c                USB_LP_CAN_RX0_IRQHandler
                0x0800027c                DMA2_Channel5_IRQHandler
                0x0800027c                DMA1_Channel5_IRQHandler
                0x0800027c                USB_LP_IRQHandler
                0x0800027c                EXTI4_IRQHandler
                0x0800027c                TIM1_TRG_COM_TIM17_IRQHandler
                0x0800027c                DMA1_Channel3_IRQHandler
                0x0800027c                ADC4_IRQHandler
                0x0800027c                WWDG_IRQHandler
                0x0800027c                TIM2_IRQHandler
                0x0800027c                COMP7_IRQHandler
                0x0800027c                COMP1_2_3_IRQHandler
                0x0800027c                EXTI1_IRQHandler
                0x0800027c                USART2_IRQHandler
                0x0800027c                COMP4_5_6_IRQHandler
                0x0800027c                I2C2_ER_IRQHandler
                0x0800027c                DMA1_Channel2_IRQHandler
                0x0800027c                TIM8_BRK_IRQHandler
                0x0800027c                FLASH_IRQHandler
                0x0800027c                USART1_IRQHandler
                0x0800027c                SPI3_IRQHandler
                0x0800027c                I2C1_ER_IRQHandler
                0x0800027c                USBWakeUp_IRQHandler
                0x0800027c                DMA2_Channel3_IRQHandler
                0x0800027c                EXTI2_TSC_IRQHandler
                0x0800027c                TIM1_BRK_TIM15_IRQHandler
 *fill*         0x0800027e        0x2 
 .text.SystemInit
                0x08000280       0x68 Drivers/CMSIS/Device/ST/STM32F3xx/Source/Templates/system_stm32f3xx.o
                0x08000280                SystemInit
 .text.HAL_InitTick
                0x080002e8       0x28 Drivers/STM32F3xx_HAL_Driver/Src/stm32f3xx_hal.o
                0x080002e8                HAL_InitTick
 .text.HAL_Init
                0x08000310       0x24 Drivers/STM32F3xx_HAL_Driver/Src/stm32f3xx_hal.o
                0x08000310                HAL_Init
 .text.HAL_IncTick
                0x08000334       0x10 Drivers/STM32F3xx_HAL_Driver/Src/stm32f3xx_hal.o
                0x08000334                HAL_IncTick
 .text.HAL_GetTick
                0x08000344        0xc Drivers/STM32F3xx_HAL_Driver/Src/stm32f3xx_hal.o
                0x08000344                HAL_GetTick
 .text.HAL_Delay
                0x08000350       0x1a Drivers/STM32F3xx_HAL_Driver/Src/stm32f3xx_hal.o
                0x08000350                HAL_Delay
 *fill*         0x0800036a        0x2 
 .text.HAL_NVIC_SetPriorityGrouping
                0x0800036c       0x38 Drivers/STM32F3xx_HAL_Driver/Src/stm32f3xx_hal_cortex.o
                0x0800036c                HAL_NVIC_SetPriorityGrouping
 .text.HAL_NVIC_SetPriority
                0x080003a4       0x88 Drivers/STM32F3xx_HAL_Driver/Src/stm32f3xx_hal_cortex.o
                0x080003a4                HAL_NVIC_SetPriority
 .text.HAL_NVIC_EnableIRQ
                0x0800042c       0x2c Drivers/STM32F3xx_HAL_Driver/Src/stm32f3xx_hal_cortex.o
                0x0800042c                HAL_NVIC_EnableIRQ
 .text.HAL_SYSTICK_Config
                0x08000458       0x2c Drivers/STM32F3xx_HAL_Driver/Src/stm32f3xx_hal_cortex.o
                0x08000458                HAL_SYSTICK_Config
 .text.HAL_SYSTICK_CLKSourceConfig
                0x08000484       0x30 Drivers/STM32F3xx_HAL_Driver/Src/stm32f3xx_hal_cortex.o
                0x08000484                HAL_SYSTICK_CLKSourceConfig
 .text.HAL_SYSTICK_Callback
                0x080004b4        0x2 Drivers/STM32F3xx_HAL_Driver/Src/stm32f3xx_hal_cortex.o
                0x080004b4                HAL_SYSTICK_Callback
 .text.HAL_SYSTICK_IRQHandler
                0x080004b6        0x8 Drivers/STM32F3xx_HAL_Driver/Src/stm32f3xx_hal_cortex.o
                0x080004b6                HAL_SYSTICK_IRQHandler
 *fill*         0x080004be        0x2 
 .text.HAL_GPIO_Init
                0x080004c0      0x28c Drivers/STM32F3xx_HAL_Driver/Src/stm32f3xx_hal_gpio.o
                0x080004c0                HAL_GPIO_Init
 .text.HAL_GPIO_WritePin
                0x0800074c       0x34 Drivers/STM32F3xx_HAL_Driver/Src/stm32f3xx_hal_gpio.o
                0x0800074c                HAL_GPIO_WritePin
 .text.HAL_GPIO_EXTI_IRQHandler
                0x08000780       0x18 Drivers/STM32F3xx_HAL_Driver/Src/stm32f3xx_hal_gpio.o
                0x08000780                HAL_GPIO_EXTI_IRQHandler
 .text.HAL_RCC_OscConfig
                0x08000798      0x5a4 Drivers/STM32F3xx_HAL_Driver/Src/stm32f3xx_hal_rcc.o
                0x08000798                HAL_RCC_OscConfig
 .text.HAL_RCC_GetSysClockFreq
                0x08000d3c       0x64 Drivers/STM32F3xx_HAL_Driver/Src/stm32f3xx_hal_rcc.o
                0x08000d3c                HAL_RCC_GetSysClockFreq
 .text.HAL_RCC_ClockConfig
                0x08000da0      0x218 Drivers/STM32F3xx_HAL_Driver/Src/stm32f3xx_hal_rcc.o
                0x08000da0                HAL_RCC_ClockConfig
 .text.HAL_RCC_GetHCLKFreq
                0x08000fb8        0xc Drivers/STM32F3xx_HAL_Driver/Src/stm32f3xx_hal_rcc.o
                0x08000fb8                HAL_RCC_GetHCLKFreq
 .text.MX_GPIO_Init
                0x08000fc4       0x80 Src/gpio.o
                0x08000fc4                MX_GPIO_Init
 .text.HAL_GPIO_EXTI_Callback
                0x08001044       0x28 Src/main.o
                0x08001044                HAL_GPIO_EXTI_Callback
 .text.SystemClock_Config
                0x0800106c       0x6a Src/main.o
                0x0800106c                SystemClock_Config
 *fill*         0x080010d6        0x2 
 .text.startup.main
                0x080010d8      0x124 Src/main.o
                0x080010d8                main
 .text.assert_failed
                0x080011fc        0x2 Src/main.o
                0x080011fc                assert_failed
 *fill*         0x080011fe        0x2 
 .text.HAL_MspInit
                0x08001200       0x7c Src/stm32f3xx_hal_msp.o
                0x08001200                HAL_MspInit
 .text.NMI_Handler
                0x0800127c        0x2 Src/stm32f3xx_it.o
                0x0800127c                NMI_Handler
 .text.HardFault_Handler
                0x0800127e        0x2 Src/stm32f3xx_it.o
                0x0800127e                HardFault_Handler
 .text.MemManage_Handler
                0x08001280        0x2 Src/stm32f3xx_it.o
                0x08001280                MemManage_Handler
 .text.BusFault_Handler
                0x08001282        0x2 Src/stm32f3xx_it.o
                0x08001282                BusFault_Handler
 .text.UsageFault_Handler
                0x08001284        0x2 Src/stm32f3xx_it.o
                0x08001284                UsageFault_Handler
 .text.SVC_Handler
                0x08001286        0x2 Src/stm32f3xx_it.o
                0x08001286                SVC_Handler
 .text.DebugMon_Handler
                0x08001288        0x2 Src/stm32f3xx_it.o
                0x08001288                DebugMon_Handler
 .text.PendSV_Handler
                0x0800128a        0x2 Src/stm32f3xx_it.o
                0x0800128a                PendSV_Handler
 .text.SysTick_Handler
                0x0800128c        0xe Src/stm32f3xx_it.o
                0x0800128c                SysTick_Handler
 .text.EXTI0_IRQHandler
                0x0800129a        0x6 Src/stm32f3xx_it.o
                0x0800129a                EXTI0_IRQHandler
 .text.__libc_init_array
                0x080012a0       0x4c d:/ac6/systemworkbench/plugins/fr.ac6.mcu.externaltools.arm-none.win32_1.7.0.201602121829/tools/compiler/bin/../lib/gcc/arm-none-eabi/5.2.1/../../../../arm-none-eabi/lib/armv7e-m/fpu\libc_nano.a(lib_a-init.o)
                0x080012a0                __libc_init_array
 *(.glue_7)
 .glue_7        0x080012ec        0x0 linker stubs
 *(.glue_7t)
 .glue_7t       0x080012ec        0x0 linker stubs
 *(.eh_frame)
 .eh_frame      0x080012ec        0x0 d:/ac6/systemworkbench/plugins/fr.ac6.mcu.externaltools.arm-none.win32_1.7.0.201602121829/tools/compiler/bin/../lib/gcc/arm-none-eabi/5.2.1/armv7e-m/fpu/crtbegin.o
 *(.init)
 .init          0x080012ec        0x4 d:/ac6/systemworkbench/plugins/fr.ac6.mcu.externaltools.arm-none.win32_1.7.0.201602121829/tools/compiler/bin/../lib/gcc/arm-none-eabi/5.2.1/armv7e-m/fpu/crti.o
                0x080012ec                _init
 .init          0x080012f0        0x8 d:/ac6/systemworkbench/plugins/fr.ac6.mcu.externaltools.arm-none.win32_1.7.0.201602121829/tools/compiler/bin/../lib/gcc/arm-none-eabi/5.2.1/armv7e-m/fpu/crtn.o
 *(.fini)
 .fini          0x080012f8        0x4 d:/ac6/systemworkbench/plugins/fr.ac6.mcu.externaltools.arm-none.win32_1.7.0.201602121829/tools/compiler/bin/../lib/gcc/arm-none-eabi/5.2.1/armv7e-m/fpu/crti.o
                0x080012f8                _fini
 .fini          0x080012fc        0x8 d:/ac6/systemworkbench/plugins/fr.ac6.mcu.externaltools.arm-none.win32_1.7.0.201602121829/tools/compiler/bin/../lib/gcc/arm-none-eabi/5.2.1/armv7e-m/fpu/crtn.o
                0x08001304                . = ALIGN (0x4)
                0x08001304                _etext = .

.vfp11_veneer   0x08001304        0x0
 .vfp11_veneer  0x08001304        0x0 linker stubs

.v4_bx          0x08001304        0x0
 .v4_bx         0x08001304        0x0 linker stubs

.iplt           0x08001304        0x0
 .iplt          0x08001304        0x0 d:/ac6/systemworkbench/plugins/fr.ac6.mcu.externaltools.arm-none.win32_1.7.0.201602121829/tools/compiler/bin/../lib/gcc/arm-none-eabi/5.2.1/armv7e-m/fpu/crtbegin.o

.rodata         0x08001304       0xe4
                0x08001304                . = ALIGN (0x4)
 *(.rodata)
 .rodata        0x08001304       0x18 Drivers/CMSIS/Device/ST/STM32F3xx/Source/Templates/system_stm32f3xx.o
                0x08001304                AHBPrescTable
                0x08001314                APBPrescTable
 .rodata        0x0800131c       0x20 Drivers/STM32F3xx_HAL_Driver/Src/stm32f3xx_hal_rcc.o
                0x0800131c                aPLLMULFactorTable
                0x0800132c                aPredivFactorTable
 *(.rodata*)
 .rodata.str1.1
                0x0800133c       0x3b Drivers/STM32F3xx_HAL_Driver/Src/stm32f3xx_hal_cortex.o
 .rodata.str1.1
                0x08001377       0x39 Drivers/STM32F3xx_HAL_Driver/Src/stm32f3xx_hal_gpio.o
 .rodata.str1.1
                0x080013b0       0x38 Drivers/STM32F3xx_HAL_Driver/Src/stm32f3xx_hal_rcc.o
                0x080013e8                . = ALIGN (0x4)

.rel.dyn        0x080013e8        0x0
 .rel.iplt      0x080013e8        0x0 d:/ac6/systemworkbench/plugins/fr.ac6.mcu.externaltools.arm-none.win32_1.7.0.201602121829/tools/compiler/bin/../lib/gcc/arm-none-eabi/5.2.1/armv7e-m/fpu/crtbegin.o

.ARM.extab
 *(.ARM.extab* .gnu.linkonce.armextab.*)

.ARM            0x080013e8        0x0
                0x080013e8                __exidx_start = .
 *(.ARM.exidx*)
                0x080013e8                __exidx_end = .

.preinit_array  0x080013e8        0x0
                0x080013e8                PROVIDE (__preinit_array_start, .)
 *(.preinit_array*)
                0x080013e8                PROVIDE (__preinit_array_end, .)

.init_array     0x080013e8        0x4
                0x080013e8                PROVIDE (__init_array_start, .)
 *(SORT(.init_array.*))
 *(.init_array*)
 .init_array    0x080013e8        0x4 d:/ac6/systemworkbench/plugins/fr.ac6.mcu.externaltools.arm-none.win32_1.7.0.201602121829/tools/compiler/bin/../lib/gcc/arm-none-eabi/5.2.1/armv7e-m/fpu/crtbegin.o
                0x080013ec                PROVIDE (__init_array_end, .)

.fini_array     0x080013ec        0x4
                [!provide]                PROVIDE (__fini_array_start, .)
 *(SORT(.fini_array.*))
 *(.fini_array*)
 .fini_array    0x080013ec        0x4 d:/ac6/systemworkbench/plugins/fr.ac6.mcu.externaltools.arm-none.win32_1.7.0.201602121829/tools/compiler/bin/../lib/gcc/arm-none-eabi/5.2.1/armv7e-m/fpu/crtbegin.o
                [!provide]                PROVIDE (__fini_array_end, .)
                0x080013f0                _sidata = LOADADDR (.data)

.data           0x20000000        0x4 load address 0x080013f0
                0x20000000                . = ALIGN (0x4)
                0x20000000                _sdata = .
 *(.data)
 .data          0x20000000        0x4 Drivers/CMSIS/Device/ST/STM32F3xx/Source/Templates/system_stm32f3xx.o
                0x20000000                SystemCoreClock
 *(.data*)
                0x20000004                . = ALIGN (0x4)
                0x20000004                _edata = .
                0x080013f4                _siccmram = LOADADDR (.ccmram)

.jcr            0x20000004        0x0 load address 0x080013f4
 .jcr           0x20000004        0x0 d:/ac6/systemworkbench/plugins/fr.ac6.mcu.externaltools.arm-none.win32_1.7.0.201602121829/tools/compiler/bin/../lib/gcc/arm-none-eabi/5.2.1/armv7e-m/fpu/crtbegin.o

.tm_clone_table
                0x20000004        0x0 load address 0x080013f4
 .tm_clone_table
                0x20000004        0x0 d:/ac6/systemworkbench/plugins/fr.ac6.mcu.externaltools.arm-none.win32_1.7.0.201602121829/tools/compiler/bin/../lib/gcc/arm-none-eabi/5.2.1/armv7e-m/fpu/crtbegin.o
 .tm_clone_table
                0x20000004        0x0 d:/ac6/systemworkbench/plugins/fr.ac6.mcu.externaltools.arm-none.win32_1.7.0.201602121829/tools/compiler/bin/../lib/gcc/arm-none-eabi/5.2.1/armv7e-m/fpu/crtend.o

.igot.plt       0x20000004        0x0 load address 0x080013f4
 .igot.plt      0x20000004        0x0 d:/ac6/systemworkbench/plugins/fr.ac6.mcu.externaltools.arm-none.win32_1.7.0.201602121829/tools/compiler/bin/../lib/gcc/arm-none-eabi/5.2.1/armv7e-m/fpu/crtbegin.o

.ccmram         0x10000000        0x0 load address 0x080013f4
                0x10000000                . = ALIGN (0x4)
                0x10000000                _sccmram = .
 *(.ccmram)
 *(.ccmram*)
                0x10000000                . = ALIGN (0x4)
                0x10000000                _eccmram = .
                0x10000000                . = ALIGN (0x4)

.bss            0x20000004       0x28
                0x20000004                _sbss = .
                0x20000004                __bss_start__ = _sbss
 *(.bss)
 .bss           0x20000004       0x1c d:/ac6/systemworkbench/plugins/fr.ac6.mcu.externaltools.arm-none.win32_1.7.0.201602121829/tools/compiler/bin/../lib/gcc/arm-none-eabi/5.2.1/armv7e-m/fpu/crtbegin.o
 .bss           0x20000020        0x8 Src/main.o
                0x20000024                pressed
 *(.bss*)
 *(COMMON)
 COMMON         0x20000028        0x4 Drivers/STM32F3xx_HAL_Driver/Src/stm32f3xx_hal.o
                0x20000028                uwTick
                0x2000002c                . = ALIGN (0x4)
                0x2000002c                _ebss = .
                0x2000002c                __bss_end__ = _ebss

._user_heap_stack
                0x2000002c      0x604
                0x20000030                . = ALIGN (0x8)
 *fill*         0x2000002c        0x4 
                [!provide]                PROVIDE (end, .)
                [!provide]                PROVIDE (_end, .)
                0x20000230                . = (. + _Min_Heap_Size)
 *fill*         0x20000030      0x200 
                0x20000630                . = (. + _Min_Stack_Size)
 *fill*         0x20000230      0x400 
                0x20000630                . = ALIGN (0x8)

/DISCARD/
 libc.a(*)
 libm.a(*)
 libgcc.a(*)

.ARM.attributes
                0x00000000       0x30
 *(.ARM.attributes)
 .ARM.attributes
                0x00000000       0x22 d:/ac6/systemworkbench/plugins/fr.ac6.mcu.externaltools.arm-none.win32_1.7.0.201602121829/tools/compiler/bin/../lib/gcc/arm-none-eabi/5.2.1/armv7e-m/fpu/crti.o
 .ARM.attributes
                0x00000022       0x34 d:/ac6/systemworkbench/plugins/fr.ac6.mcu.externaltools.arm-none.win32_1.7.0.201602121829/tools/compiler/bin/../lib/gcc/arm-none-eabi/5.2.1/armv7e-m/fpu/crtbegin.o
 .ARM.attributes
                0x00000056       0x21 Drivers/CMSIS/Device/ST/STM32F3xx/Source/Templates/gcc/startup_stm32f303xc.o
 .ARM.attributes
                0x00000077       0x39 Drivers/CMSIS/Device/ST/STM32F3xx/Source/Templates/system_stm32f3xx.o
 .ARM.attributes
                0x000000b0       0x39 Drivers/STM32F3xx_HAL_Driver/Src/stm32f3xx_hal.o
 .ARM.attributes
                0x000000e9       0x39 Drivers/STM32F3xx_HAL_Driver/Src/stm32f3xx_hal_cortex.o
 .ARM.attributes
                0x00000122       0x39 Drivers/STM32F3xx_HAL_Driver/Src/stm32f3xx_hal_gpio.o
 .ARM.attributes
                0x0000015b       0x39 Drivers/STM32F3xx_HAL_Driver/Src/stm32f3xx_hal_rcc.o
 .ARM.attributes
                0x00000194       0x39 Src/gpio.o
 .ARM.attributes
                0x000001cd       0x39 Src/main.o
 .ARM.attributes
                0x00000206       0x39 Src/stm32f3xx_hal_msp.o
 .ARM.attributes
                0x0000023f       0x39 Src/stm32f3xx_it.o
 .ARM.attributes
                0x00000278       0x34 d:/ac6/systemworkbench/plugins/fr.ac6.mcu.externaltools.arm-none.win32_1.7.0.201602121829/tools/compiler/bin/../lib/gcc/arm-none-eabi/5.2.1/../../../../arm-none-eabi/lib/armv7e-m/fpu\libc_nano.a(lib_a-init.o)
 .ARM.attributes
                0x000002ac       0x34 d:/ac6/systemworkbench/plugins/fr.ac6.mcu.externaltools.arm-none.win32_1.7.0.201602121829/tools/compiler/bin/../lib/gcc/arm-none-eabi/5.2.1/armv7e-m/fpu/crtend.o
 .ARM.attributes
                0x000002e0       0x22 d:/ac6/systemworkbench/plugins/fr.ac6.mcu.externaltools.arm-none.win32_1.7.0.201602121829/tools/compiler/bin/../lib/gcc/arm-none-eabi/5.2.1/armv7e-m/fpu/crtn.o
OUTPUT(two_way_circle_blink.elf elf32-littlearm)

.debug_line     0x00000000     0x526c
 .debug_line    0x00000000       0xae Drivers/CMSIS/Device/ST/STM32F3xx/Source/Templates/gcc/startup_stm32f303xc.o
 .debug_line    0x000000ae      0x7e8 Drivers/CMSIS/Device/ST/STM32F3xx/Source/Templates/system_stm32f3xx.o
 .debug_line    0x00000896      0x8d7 Drivers/STM32F3xx_HAL_Driver/Src/stm32f3xx_hal.o
 .debug_line    0x0000116d      0xa1d Drivers/STM32F3xx_HAL_Driver/Src/stm32f3xx_hal_cortex.o
 .debug_line    0x00001b8a      0xa29 Drivers/STM32F3xx_HAL_Driver/Src/stm32f3xx_hal_gpio.o
 .debug_line    0x000025b3      0xdb2 Drivers/STM32F3xx_HAL_Driver/Src/stm32f3xx_hal_rcc.o
 .debug_line    0x00003365      0x795 Src/gpio.o
 .debug_line    0x00003afa      0x7f5 Src/main.o
 .debug_line    0x000042ef      0x78c Src/stm32f3xx_hal_msp.o
 .debug_line    0x00004a7b      0x7f1 Src/stm32f3xx_it.o

.debug_info     0x00000000     0x4cde
 .debug_info    0x00000000       0xb3 Drivers/CMSIS/Device/ST/STM32F3xx/Source/Templates/gcc/startup_stm32f303xc.o
 .debug_info    0x000000b3      0x3ea Drivers/CMSIS/Device/ST/STM32F3xx/Source/Templates/system_stm32f3xx.o
 .debug_info    0x0000049d      0x6f1 Drivers/STM32F3xx_HAL_Driver/Src/stm32f3xx_hal.o
 .debug_info    0x00000b8e     0x1038 Drivers/STM32F3xx_HAL_Driver/Src/stm32f3xx_hal_cortex.o
 .debug_info    0x00001bc6      0x849 Drivers/STM32F3xx_HAL_Driver/Src/stm32f3xx_hal_gpio.o
 .debug_info    0x0000240f     0x15e2 Drivers/STM32F3xx_HAL_Driver/Src/stm32f3xx_hal_rcc.o
 .debug_info    0x000039f1      0x587 Src/gpio.o
 .debug_info    0x00003f78      0x75d Src/main.o
 .debug_info    0x000046d5      0x47b Src/stm32f3xx_hal_msp.o
 .debug_info    0x00004b50      0x18e Src/stm32f3xx_it.o

.debug_abbrev   0x00000000      0xfd7
 .debug_abbrev  0x00000000       0x12 Drivers/CMSIS/Device/ST/STM32F3xx/Source/Templates/gcc/startup_stm32f303xc.o
 .debug_abbrev  0x00000012      0x104 Drivers/CMSIS/Device/ST/STM32F3xx/Source/Templates/system_stm32f3xx.o
 .debug_abbrev  0x00000116      0x1d3 Drivers/STM32F3xx_HAL_Driver/Src/stm32f3xx_hal.o
 .debug_abbrev  0x000002e9      0x320 Drivers/STM32F3xx_HAL_Driver/Src/stm32f3xx_hal_cortex.o
 .debug_abbrev  0x00000609      0x202 Drivers/STM32F3xx_HAL_Driver/Src/stm32f3xx_hal_gpio.o
 .debug_abbrev  0x0000080b      0x2be Drivers/STM32F3xx_HAL_Driver/Src/stm32f3xx_hal_rcc.o
 .debug_abbrev  0x00000ac9      0x14f Src/gpio.o
 .debug_abbrev  0x00000c18      0x1c1 Src/main.o
 .debug_abbrev  0x00000dd9      0x112 Src/stm32f3xx_hal_msp.o
 .debug_abbrev  0x00000eeb       0xec Src/stm32f3xx_it.o

.debug_aranges  0x00000000      0x340
 .debug_aranges
                0x00000000       0x28 Drivers/CMSIS/Device/ST/STM32F3xx/Source/Templates/gcc/startup_stm32f303xc.o
 .debug_aranges
                0x00000028       0x28 Drivers/CMSIS/Device/ST/STM32F3xx/Source/Templates/system_stm32f3xx.o
 .debug_aranges
                0x00000050       0xa8 Drivers/STM32F3xx_HAL_Driver/Src/stm32f3xx_hal.o
 .debug_aranges
                0x000000f8       0x98 Drivers/STM32F3xx_HAL_Driver/Src/stm32f3xx_hal_cortex.o
 .debug_aranges
                0x00000190       0x58 Drivers/STM32F3xx_HAL_Driver/Src/stm32f3xx_hal_gpio.o
 .debug_aranges
                0x000001e8       0x88 Drivers/STM32F3xx_HAL_Driver/Src/stm32f3xx_hal_rcc.o
 .debug_aranges
                0x00000270       0x20 Src/gpio.o
 .debug_aranges
                0x00000290       0x40 Src/main.o
 .debug_aranges
                0x000002d0       0x20 Src/stm32f3xx_hal_msp.o
 .debug_aranges
                0x000002f0       0x50 Src/stm32f3xx_it.o

.debug_ranges   0x00000000      0x538
 .debug_ranges  0x00000000       0x20 Drivers/CMSIS/Device/ST/STM32F3xx/Source/Templates/gcc/startup_stm32f303xc.o
 .debug_ranges  0x00000020       0x18 Drivers/CMSIS/Device/ST/STM32F3xx/Source/Templates/system_stm32f3xx.o
 .debug_ranges  0x00000038       0x98 Drivers/STM32F3xx_HAL_Driver/Src/stm32f3xx_hal.o
 .debug_ranges  0x000000d0      0x150 Drivers/STM32F3xx_HAL_Driver/Src/stm32f3xx_hal_cortex.o
 .debug_ranges  0x00000220       0x60 Drivers/STM32F3xx_HAL_Driver/Src/stm32f3xx_hal_gpio.o
 .debug_ranges  0x00000280      0x1d0 Drivers/STM32F3xx_HAL_Driver/Src/stm32f3xx_hal_rcc.o
 .debug_ranges  0x00000450       0x48 Src/gpio.o
 .debug_ranges  0x00000498       0x30 Src/main.o
 .debug_ranges  0x000004c8       0x30 Src/stm32f3xx_hal_msp.o
 .debug_ranges  0x000004f8       0x40 Src/stm32f3xx_it.o

.debug_loc      0x00000000     0x1412
 .debug_loc     0x00000000       0xbe Drivers/CMSIS/Device/ST/STM32F3xx/Source/Templates/system_stm32f3xx.o
 .debug_loc     0x000000be       0x4b Drivers/STM32F3xx_HAL_Driver/Src/stm32f3xx_hal.o
 .debug_loc     0x00000109      0x59a Drivers/STM32F3xx_HAL_Driver/Src/stm32f3xx_hal_cortex.o
 .debug_loc     0x000006a3      0x49f Drivers/STM32F3xx_HAL_Driver/Src/stm32f3xx_hal_gpio.o
 .debug_loc     0x00000b42      0x883 Drivers/STM32F3xx_HAL_Driver/Src/stm32f3xx_hal_rcc.o
 .debug_loc     0x000013c5       0x4d Src/main.o

.debug_macro    0x00000000    0x1bf75
 .debug_macro   0x00000000      0x2c1 Drivers/CMSIS/Device/ST/STM32F3xx/Source/Templates/system_stm32f3xx.o
 .debug_macro   0x000002c1      0x89e Drivers/CMSIS/Device/ST/STM32F3xx/Source/Templates/system_stm32f3xx.o
 .debug_macro   0x00000b5f       0x31 Drivers/CMSIS/Device/ST/STM32F3xx/Source/Templates/system_stm32f3xx.o
 .debug_macro   0x00000b90       0x28 Drivers/CMSIS/Device/ST/STM32F3xx/Source/Templates/system_stm32f3xx.o
 .debug_macro   0x00000bb8       0x22 Drivers/CMSIS/Device/ST/STM32F3xx/Source/Templates/system_stm32f3xx.o
 .debug_macro   0x00000bda       0x44 Drivers/CMSIS/Device/ST/STM32F3xx/Source/Templates/system_stm32f3xx.o
 .debug_macro   0x00000c1e       0xfd Drivers/CMSIS/Device/ST/STM32F3xx/Source/Templates/system_stm32f3xx.o
 .debug_macro   0x00000d1b       0x22 Drivers/CMSIS/Device/ST/STM32F3xx/Source/Templates/system_stm32f3xx.o
 .debug_macro   0x00000d3d      0x1df Drivers/CMSIS/Device/ST/STM32F3xx/Source/Templates/system_stm32f3xx.o
 .debug_macro   0x00000f1c       0x35 Drivers/CMSIS/Device/ST/STM32F3xx/Source/Templates/system_stm32f3xx.o
 .debug_macro   0x00000f51       0x50 Drivers/CMSIS/Device/ST/STM32F3xx/Source/Templates/system_stm32f3xx.o
 .debug_macro   0x00000fa1      0xe66 Drivers/CMSIS/Device/ST/STM32F3xx/Source/Templates/system_stm32f3xx.o
 .debug_macro   0x00001e07    0x12a87 Drivers/CMSIS/Device/ST/STM32F3xx/Source/Templates/system_stm32f3xx.o
 .debug_macro   0x0001488e       0x43 Drivers/CMSIS/Device/ST/STM32F3xx/Source/Templates/system_stm32f3xx.o
 .debug_macro   0x000148d1       0x99 Drivers/CMSIS/Device/ST/STM32F3xx/Source/Templates/system_stm32f3xx.o
 .debug_macro   0x0001496a     0x33ad Drivers/CMSIS/Device/ST/STM32F3xx/Source/Templates/system_stm32f3xx.o
 .debug_macro   0x00017d17       0x58 Drivers/CMSIS/Device/ST/STM32F3xx/Source/Templates/system_stm32f3xx.o
 .debug_macro   0x00017d6f       0x35 Drivers/CMSIS/Device/ST/STM32F3xx/Source/Templates/system_stm32f3xx.o
 .debug_macro   0x00017da4       0x9c Drivers/CMSIS/Device/ST/STM32F3xx/Source/Templates/system_stm32f3xx.o
 .debug_macro   0x00017e40       0x16 Drivers/CMSIS/Device/ST/STM32F3xx/Source/Templates/system_stm32f3xx.o
 .debug_macro   0x00017e56       0x97 Drivers/CMSIS/Device/ST/STM32F3xx/Source/Templates/system_stm32f3xx.o
 .debug_macro   0x00017eed      0x329 Drivers/CMSIS/Device/ST/STM32F3xx/Source/Templates/system_stm32f3xx.o
 .debug_macro   0x00018216       0xfd Drivers/CMSIS/Device/ST/STM32F3xx/Source/Templates/system_stm32f3xx.o
 .debug_macro   0x00018313       0x10 Drivers/CMSIS/Device/ST/STM32F3xx/Source/Templates/system_stm32f3xx.o
 .debug_macro   0x00018323       0x52 Drivers/CMSIS/Device/ST/STM32F3xx/Source/Templates/system_stm32f3xx.o
 .debug_macro   0x00018375       0x16 Drivers/CMSIS/Device/ST/STM32F3xx/Source/Templates/system_stm32f3xx.o
 .debug_macro   0x0001838b       0x43 Drivers/CMSIS/Device/ST/STM32F3xx/Source/Templates/system_stm32f3xx.o
 .debug_macro   0x000183ce      0x187 Drivers/CMSIS/Device/ST/STM32F3xx/Source/Templates/system_stm32f3xx.o
 .debug_macro   0x00018555       0x10 Drivers/CMSIS/Device/ST/STM32F3xx/Source/Templates/system_stm32f3xx.o
 .debug_macro   0x00018565       0x22 Drivers/CMSIS/Device/ST/STM32F3xx/Source/Templates/system_stm32f3xx.o
 .debug_macro   0x00018587       0x3a Drivers/CMSIS/Device/ST/STM32F3xx/Source/Templates/system_stm32f3xx.o
 .debug_macro   0x000185c1       0x10 Drivers/CMSIS/Device/ST/STM32F3xx/Source/Templates/system_stm32f3xx.o
 .debug_macro   0x000185d1       0x40 Drivers/CMSIS/Device/ST/STM32F3xx/Source/Templates/system_stm32f3xx.o
 .debug_macro   0x00018611       0x65 Drivers/CMSIS/Device/ST/STM32F3xx/Source/Templates/system_stm32f3xx.o
 .debug_macro   0x00018676       0x16 Drivers/CMSIS/Device/ST/STM32F3xx/Source/Templates/system_stm32f3xx.o
 .debug_macro   0x0001868c      0x197 Drivers/CMSIS/Device/ST/STM32F3xx/Source/Templates/system_stm32f3xx.o
 .debug_macro   0x00018823       0x49 Drivers/CMSIS/Device/ST/STM32F3xx/Source/Templates/system_stm32f3xx.o
 .debug_macro   0x0001886c      0x969 Drivers/CMSIS/Device/ST/STM32F3xx/Source/Templates/system_stm32f3xx.o
 .debug_macro   0x000191d5      0x5fe Drivers/CMSIS/Device/ST/STM32F3xx/Source/Templates/system_stm32f3xx.o
 .debug_macro   0x000197d3      0x13a Drivers/CMSIS/Device/ST/STM32F3xx/Source/Templates/system_stm32f3xx.o
 .debug_macro   0x0001990d      0x1fb Drivers/CMSIS/Device/ST/STM32F3xx/Source/Templates/system_stm32f3xx.o
 .debug_macro   0x00019b08      0x1b5 Drivers/CMSIS/Device/ST/STM32F3xx/Source/Templates/system_stm32f3xx.o
 .debug_macro   0x00019cbd       0x31 Drivers/CMSIS/Device/ST/STM32F3xx/Source/Templates/system_stm32f3xx.o
 .debug_macro   0x00019cee       0x3c Drivers/CMSIS/Device/ST/STM32F3xx/Source/Templates/system_stm32f3xx.o
 .debug_macro   0x00019d2a      0x23a Drivers/CMSIS/Device/ST/STM32F3xx/Source/Templates/system_stm32f3xx.o
 .debug_macro   0x00019f64       0xcb Drivers/CMSIS/Device/ST/STM32F3xx/Source/Templates/system_stm32f3xx.o
 .debug_macro   0x0001a02f      0x22b Drivers/CMSIS/Device/ST/STM32F3xx/Source/Templates/system_stm32f3xx.o
 .debug_macro   0x0001a25a      0x202 Drivers/CMSIS/Device/ST/STM32F3xx/Source/Templates/system_stm32f3xx.o
 .debug_macro   0x0001a45c       0x4f Drivers/CMSIS/Device/ST/STM32F3xx/Source/Templates/system_stm32f3xx.o
 .debug_macro   0x0001a4ab       0x90 Drivers/CMSIS/Device/ST/STM32F3xx/Source/Templates/system_stm32f3xx.o
 .debug_macro   0x0001a53b       0x82 Drivers/CMSIS/Device/ST/STM32F3xx/Source/Templates/system_stm32f3xx.o
 .debug_macro   0x0001a5bd       0xd4 Drivers/CMSIS/Device/ST/STM32F3xx/Source/Templates/system_stm32f3xx.o
 .debug_macro   0x0001a691      0x26e Drivers/CMSIS/Device/ST/STM32F3xx/Source/Templates/system_stm32f3xx.o
 .debug_macro   0x0001a8ff      0x2df Drivers/STM32F3xx_HAL_Driver/Src/stm32f3xx_hal.o
 .debug_macro   0x0001abde      0x2bb Drivers/STM32F3xx_HAL_Driver/Src/stm32f3xx_hal_cortex.o
 .debug_macro   0x0001ae99      0x2f3 Drivers/STM32F3xx_HAL_Driver/Src/stm32f3xx_hal_gpio.o
 .debug_macro   0x0001b18c      0x2df Drivers/STM32F3xx_HAL_Driver/Src/stm32f3xx_hal_rcc.o
 .debug_macro   0x0001b46b      0x2c5 Src/gpio.o
 .debug_macro   0x0001b730      0x2c5 Src/main.o
 .debug_macro   0x0001b9f5      0x2bb Src/stm32f3xx_hal_msp.o
 .debug_macro   0x0001bcb0      0x2c5 Src/stm32f3xx_it.o

.debug_str      0x00000000    0xa24e1
 .debug_str     0x00000000    0xa12e3 Drivers/CMSIS/Device/ST/STM32F3xx/Source/Templates/system_stm32f3xx.o
                              0xa1570 (size before relaxing)
 .debug_str     0x000a12e3      0x646 Drivers/STM32F3xx_HAL_Driver/Src/stm32f3xx_hal.o
                              0xa1c6d (size before relaxing)
 .debug_str     0x000a1929      0x37c Drivers/STM32F3xx_HAL_Driver/Src/stm32f3xx_hal_cortex.o
                              0xa1d91 (size before relaxing)
 .debug_str     0x000a1ca5      0x2f6 Drivers/STM32F3xx_HAL_Driver/Src/stm32f3xx_hal_gpio.o
                              0xa17c8 (size before relaxing)
 .debug_str     0x000a1f9b      0x3f8 Drivers/STM32F3xx_HAL_Driver/Src/stm32f3xx_hal_rcc.o
                              0xa19bd (size before relaxing)
 .debug_str     0x000a2393       0x35 Src/gpio.o
                              0xa197a (size before relaxing)
 .debug_str     0x000a23c8       0x52 Src/main.o
                              0xa16d9 (size before relaxing)
 .debug_str     0x000a241a       0x27 Src/stm32f3xx_hal_msp.o
                              0xa18c9 (size before relaxing)
 .debug_str     0x000a2441       0xa0 Src/stm32f3xx_it.o
                              0xa14c0 (size before relaxing)

.comment        0x00000000       0x6e
 .comment       0x00000000       0x6e Drivers/CMSIS/Device/ST/STM32F3xx/Source/Templates/system_stm32f3xx.o
                                 0x6f (size before relaxing)
 .comment       0x0000006e       0x6f Drivers/STM32F3xx_HAL_Driver/Src/stm32f3xx_hal.o
 .comment       0x0000006e       0x6f Drivers/STM32F3xx_HAL_Driver/Src/stm32f3xx_hal_cortex.o
 .comment       0x0000006e       0x6f Drivers/STM32F3xx_HAL_Driver/Src/stm32f3xx_hal_gpio.o
 .comment       0x0000006e       0x6f Drivers/STM32F3xx_HAL_Driver/Src/stm32f3xx_hal_rcc.o
 .comment       0x0000006e       0x6f Src/gpio.o
 .comment       0x0000006e       0x6f Src/main.o
 .comment       0x0000006e       0x6f Src/stm32f3xx_hal_msp.o
 .comment       0x0000006e       0x6f Src/stm32f3xx_it.o

.debug_frame    0x00000000      0x714
 .debug_frame   0x00000000       0x38 Drivers/CMSIS/Device/ST/STM32F3xx/Source/Templates/system_stm32f3xx.o
 .debug_frame   0x00000038      0x164 Drivers/STM32F3xx_HAL_Driver/Src/stm32f3xx_hal.o
 .debug_frame   0x0000019c      0x160 Drivers/STM32F3xx_HAL_Driver/Src/stm32f3xx_hal_cortex.o
 .debug_frame   0x000002fc      0x100 Drivers/STM32F3xx_HAL_Driver/Src/stm32f3xx_hal_gpio.o
 .debug_frame   0x000003fc      0x150 Drivers/STM32F3xx_HAL_Driver/Src/stm32f3xx_hal_rcc.o
 .debug_frame   0x0000054c       0x34 Src/gpio.o
 .debug_frame   0x00000580       0x84 Src/main.o
 .debug_frame   0x00000604       0x28 Src/stm32f3xx_hal_msp.o
 .debug_frame   0x0000062c       0xbc Src/stm32f3xx_it.o
 .debug_frame   0x000006e8       0x2c d:/ac6/systemworkbench/plugins/fr.ac6.mcu.externaltools.arm-none.win32_1.7.0.201602121829/tools/compiler/bin/../lib/gcc/arm-none-eabi/5.2.1/../../../../arm-none-eabi/lib/armv7e-m/fpu\libc_nano.a(lib_a-init.o)
